Component: ARM Compiler 5.05 update 1 (build 106) Tool: armlink [4d0efa]

==============================================================================

Section Cross References

    startup_stm32f40_41xxx.o(STACK) refers (Special) to heapauxi.o(.text) for __use_two_region_memory
    startup_stm32f40_41xxx.o(HEAP) refers (Special) to heapauxi.o(.text) for __use_two_region_memory
    startup_stm32f40_41xxx.o(RESET) refers (Special) to heapauxi.o(.text) for __use_two_region_memory
    startup_stm32f40_41xxx.o(RESET) refers to startup_stm32f40_41xxx.o(STACK) for __initial_sp
    startup_stm32f40_41xxx.o(RESET) refers to startup_stm32f40_41xxx.o(.text) for Reset_Handler
    startup_stm32f40_41xxx.o(RESET) refers to exit.o(i.EXTI4_IRQHandler) for EXTI4_IRQHandler
    startup_stm32f40_41xxx.o(RESET) refers to timer.o(i.TIM3_IRQHandler) for TIM3_IRQHandler
    startup_stm32f40_41xxx.o(RESET) refers to usart.o(i.USART1_IRQHandler) for USART1_IRQHandler
    startup_stm32f40_41xxx.o(RESET) refers to sdio_sdcard.o(i.SDIO_IRQHandler) for SDIO_IRQHandler
    startup_stm32f40_41xxx.o(RESET) refers to timer.o(i.TIM5_IRQHandler) for TIM5_IRQHandler
    startup_stm32f40_41xxx.o(.text) refers (Special) to heapauxi.o(.text) for __use_two_region_memory
    startup_stm32f40_41xxx.o(.text) refers to __main.o(!!!main) for __main
    startup_stm32f40_41xxx.o(.text) refers to startup_stm32f40_41xxx.o(HEAP) for Heap_Mem
    startup_stm32f40_41xxx.o(.text) refers to startup_stm32f40_41xxx.o(STACK) for Stack_Mem
    test.o(i.main) refers to sys.o(i.Stm32_Clock_Init) for Stm32_Clock_Init
    test.o(i.main) refers to delay.o(i.delay_init) for delay_init
    test.o(i.main) refers to usart.o(i.uart_init) for uart_init
    test.o(i.main) refers to led.o(i.LED_Init) for LED_Init
    test.o(i.main) refers to tftlcd.o(i.LCD_Init) for LCD_Init
    test.o(i.main) refers to exit.o(i.CalExit_Init) for CalExit_Init
    test.o(i.main) refers to key.o(i.KEY_Init) for KEY_Init
    test.o(i.main) refers to timer.o(i.TIM3_Int_Init) for TIM3_Int_Init
    test.o(i.main) refers to beep.o(i.BEEP_Init) for BEEP_Init
    test.o(i.main) refers to fontupd.o(i.font_init) for font_init
    test.o(i.main) refers to rng.o(i.RNG_Init) for RNG_Init
    test.o(i.main) refers to game.o(i.GameInit) for GameInit
    test.o(i.main) refers to game.o(i.GameStart) for GameStart
    test.o(i.main) refers to touch.o(.data) for tp_dev
    delay.o(i.delay_init) refers to delay.o(.data) for fac_us
    delay.o(i.delay_ms) refers to delay.o(i.delay_xms) for delay_xms
    delay.o(i.delay_us) refers to delay.o(.data) for fac_us
    delay.o(i.delay_xms) refers to delay.o(.data) for fac_ms
    sys.o(i.MY_NVIC_Init) refers to sys.o(i.MY_NVIC_PriorityGroupConfig) for MY_NVIC_PriorityGroupConfig
    sys.o(i.Stm32_Clock_Init) refers to sys.o(i.Sys_Clock_Set) for Sys_Clock_Set
    sys.o(i.Stm32_Clock_Init) refers to sys.o(i.MY_NVIC_SetVectorTable) for MY_NVIC_SetVectorTable
    sys.o(i.Sys_Standby) refers to sys.o(i.WFI_SET) for WFI_SET
    usart.o(.rev16_text) refers (Special) to use_no_semi_2.o(.text) for __use_no_semihosting
    usart.o(.revsh_text) refers (Special) to use_no_semi_2.o(.text) for __use_no_semihosting
    usart.o(i.USART1_IRQHandler) refers (Special) to use_no_semi_2.o(.text) for __use_no_semihosting
    usart.o(i.USART1_IRQHandler) refers to usart.o(.data) for USART_RX_STA
    usart.o(i.USART1_IRQHandler) refers to usart.o(.bss) for USART_RX_BUF
    usart.o(i._sys_exit) refers (Special) to use_no_semi_2.o(.text) for __use_no_semihosting
    usart.o(i.fputc) refers (Special) to use_no_semi_2.o(.text) for __use_no_semihosting
    usart.o(i.uart_init) refers (Special) to use_no_semi_2.o(.text) for __use_no_semihosting
    usart.o(i.uart_init) refers to sys.o(i.GPIO_Set) for GPIO_Set
    usart.o(i.uart_init) refers to sys.o(i.GPIO_AF_Set) for GPIO_AF_Set
    usart.o(i.uart_init) refers to sys.o(i.MY_NVIC_Init) for MY_NVIC_Init
    usart.o(.bss) refers (Special) to use_no_semi_2.o(.text) for __use_no_semihosting
    usart.o(.data) refers (Special) to use_no_semi_2.o(.text) for __use_no_semihosting
    led.o(i.LED_Init) refers to sys.o(i.GPIO_Set) for GPIO_Set
    tftlcd.o(i.LCD_Clear) refers to tftlcd.o(i.LCD_SetCursor) for LCD_SetCursor
    tftlcd.o(i.LCD_Clear) refers to tftlcd.o(i.LCD_WriteRAM_Prepare) for LCD_WriteRAM_Prepare
    tftlcd.o(i.LCD_Clear) refers to tftlcd.o(.bss) for lcddev
    tftlcd.o(i.LCD_Color_Fill) refers to tftlcd.o(i.LCD_SetCursor) for LCD_SetCursor
    tftlcd.o(i.LCD_Color_Fill) refers to tftlcd.o(i.LCD_WriteRAM_Prepare) for LCD_WriteRAM_Prepare
    tftlcd.o(i.LCD_DisplayOff) refers to tftlcd.o(i.LCD_WR_REG) for LCD_WR_REG
    tftlcd.o(i.LCD_DisplayOff) refers to tftlcd.o(i.LCD_WriteReg) for LCD_WriteReg
    tftlcd.o(i.LCD_DisplayOff) refers to tftlcd.o(.bss) for lcddev
    tftlcd.o(i.LCD_DisplayOn) refers to tftlcd.o(i.LCD_WR_REG) for LCD_WR_REG
    tftlcd.o(i.LCD_DisplayOn) refers to tftlcd.o(i.LCD_WriteReg) for LCD_WriteReg
[...]
    i.GameInit                               0x08001848   Section        0  game.o(i.GameInit)
    i.GameStart                              0x08001990   Section        0  game.o(i.GameStart)
    i.GetAIPoint                             0x08001e5c   Section        0  game.o(i.GetAIPoint)
    GetAIPoint                               0x08001e5d   Thumb Code    82  game.o(i.GetAIPoint)
    i.GetChessNum                            0x08001ec0   Section        0  game.o(i.GetChessNum)
    GetChessNum                              0x08001ec1   Thumb Code   208  game.o(i.GetChessNum)
    i.GetScore                               0x08001f9c   Section        0  game.o(i.GetScore)
    GetScore                                 0x08001f9d   Thumb Code   320  game.o(i.GetScore)
    i.Get_HzMat                              0x080020dc   Section        0  text.o(i.Get_HzMat)
    i.IIC_Ack                                0x080021bc   Section        0  myiic.o(i.IIC_Ack)
    i.IIC_Init                               0x0800220c   Section        0  myiic.o(i.IIC_Init)
    i.IIC_NAck                               0x08002250   Section        0  myiic.o(i.IIC_NAck)
    i.IIC_Read_Byte                          0x080022a0   Section        0  myiic.o(i.IIC_Read_Byte)
    i.IIC_Send_Byte                          0x0800230c   Section        0  myiic.o(i.IIC_Send_Byte)
    i.IIC_Start                              0x08002374   Section        0  myiic.o(i.IIC_Start)
    i.IIC_Stop                               0x080023c0   Section        0  myiic.o(i.IIC_Stop)
    i.IIC_Wait_Ack                           0x0800240c   Section        0  myiic.o(i.IIC_Wait_Ack)
    i.IsFiveChessContant                     0x0800246c   Section        0  game.o(i.IsFiveChessContant)
    IsFiveChessContant                       0x0800246d   Thumb Code   230  game.o(i.IsFiveChessContant)
    i.IsGameOver                             0x08002558   Section        0  game.o(i.IsGameOver)
    IsGameOver                               0x08002559   Thumb Code    36  game.o(i.IsGameOver)
    i.KEY_Init                               0x08002580   Section        0  key.o(i.KEY_Init)
    i.LCD_Clear                              0x080025f4   Section        0  tftlcd.o(i.LCD_Clear)
    i.LCD_Display_Dir                        0x08002660   Section        0  tftlcd.o(i.LCD_Display_Dir)
    i.LCD_DrawLine                           0x08002820   Section        0  tftlcd.o(i.LCD_DrawLine)
    i.LCD_DrawPoint                          0x080028d0   Section        0  tftlcd.o(i.LCD_DrawPoint)
    i.LCD_DrawRectangle                      0x080028f4   Section        0  tftlcd.o(i.LCD_DrawRectangle)
    i.LCD_Draw_Circle                        0x08002930   Section        0  tftlcd.o(i.LCD_Draw_Circle)
    i.LCD_Fast_DrawPoint                     0x080029c8   Section        0  tftlcd.o(i.LCD_Fast_DrawPoint)
    i.LCD_Fill                               0x08002b48   Section        0  tftlcd.o(i.LCD_Fill)
    i.LCD_Init                               0x08002c00   Section        0  tftlcd.o(i.LCD_Init)
    i.LCD_Pow                                0x08006534   Section        0  tftlcd.o(i.LCD_Pow)
    i.LCD_RD_DATA                            0x0800654c   Section        0  tftlcd.o(i.LCD_RD_DATA)
    i.LCD_ReadReg                            0x08006560   Section        0  tftlcd.o(i.LCD_ReadReg)
    i.LCD_SSD_BackLightSet                   0x08006578   Section        0  tftlcd.o(i.LCD_SSD_BackLightSet)
    i.LCD_Scan_Dir                           0x080065d8   Section        0  tftlcd.o(i.LCD_Scan_Dir)
    i.LCD_SetCursor                          0x080068c4   Section        0  tftlcd.o(i.LCD_SetCursor)
    i.LCD_ShowChar                           0x08006a6c   Section        0  tftlcd.o(i.LCD_ShowChar)
    i.LCD_ShowNum                            0x08006b94   Section        0  tftlcd.o(i.LCD_ShowNum)
    i.LCD_ShowString                         0x08006c28   Section        0  tftlcd.o(i.LCD_ShowString)
    i.LCD_ShowxNum                           0x08006c8e   Section        0  tftlcd.o(i.LCD_ShowxNum)
    i.LCD_WR_DATA                            0x08006d4c   Section        0  tftlcd.o(i.LCD_WR_DATA)
    i.LCD_WR_REG                             0x08006d64   Section        0  tftlcd.o(i.LCD_WR_REG)
    i.LCD_WriteRAM_Prepare                   0x08006d7c   Section        0  tftlcd.o(i.LCD_WriteRAM_Prepare)
    i.LCD_WriteReg                           0x08006d90   Section        0  tftlcd.o(i.LCD_WriteReg)
    i.LED_Init                               0x08006da4   Section        0  led.o(i.LED_Init)
    i.LcdDrawCircleA                         0x08006df8   Section        0  tftlcd.o(i.LcdDrawCircleA)
    i.MY_NVIC_Init                           0x080070f8   Section        0  sys.o(i.MY_NVIC_Init)
    i.MY_NVIC_PriorityGroupConfig            0x08007170   Section        0  sys.o(i.MY_NVIC_PriorityGroupConfig)
    i.MY_NVIC_SetVectorTable                 0x08007198   Section        0  sys.o(i.MY_NVIC_SetVectorTable)
    i.OTT2001A_Init                          0x080071a8   Section        0  ott2001a.o(i.OTT2001A_Init)
    i.OTT2001A_RD_Reg                        0x08007258   Section        0  ott2001a.o(i.OTT2001A_RD_Reg)
    i.OTT2001A_Scan                          0x080072bc   Section        0  ott2001a.o(i.OTT2001A_Scan)
    i.OTT2001A_SensorControl                 0x080074c0   Section        0  ott2001a.o(i.OTT2001A_SensorControl)
    i.OTT2001A_WR_Reg                        0x080074dc   Section        0  ott2001a.o(i.OTT2001A_WR_Reg)
    i.RNG_Get_RandomNum                      0x08007538   Section        0  rng.o(i.RNG_Get_RandomNum)
    i.RNG_Get_RandomRange                    0x08007554   Section        0  rng.o(i.RNG_Get_RandomRange)
    i.RNG_Init                               0x0800756c   Section        0  rng.o(i.RNG_Init)
    i.ResStart                               0x080075bc   Section        0  game.o(i.ResStart)
    ResStart                                 0x080075bd   Thumb Code    24  game.o(i.ResStart)
    i.SDIO_IRQHandler                        0x080075dc   Section        0  sdio_sdcard.o(i.SDIO_IRQHandler)
    i.SDIO_Send_Cmd                          0x080075e4   Section        0  sdio_sdcard.o(i.SDIO_Send_Cmd)
    i.SD_ProcessIRQSrc                       0x08007610   Section        0  sdio_sdcard.o(i.SD_ProcessIRQSrc)
    i.SPI1_Init                              0x0800777c   Section        0  spi.o(i.SPI1_Init)
    i.SPI1_ReadWriteByte                     0x08007834   Section        0  spi.o(i.SPI1_ReadWriteByte)
    i.SPI1_SetSpeed                          0x08007864   Section        0  spi.o(i.SPI1_SetSpeed)
    i.Search                                 0x08007890   Section        0  game.o(i.Search)
    Search                                   0x08007891   Thumb Code   128  game.o(i.Search)
    i.SearchValue                            0x08007914   Section        0  game.o(i.SearchValue)
    SearchValue                              0x08007915   Thumb Code   418  game.o(i.SearchValue)
    i.Show_Font                              0x08007abc   Section        0  text.o(i.Show_Font)
    i.Show_Str                               0x08007b84   Section        0  text.o(i.Show_Str)
    i.Stm32_Clock_Init                       0x08007c48   Section        0  sys.o(i.Stm32_Clock_Init)
    i.Sys_Clock_Set                          0x08007cb0   Section        0  sys.o(i.Sys_Clock_Set)
    i.TIM3_IRQHandler                        0x08007dbc   Section        0  timer.o(i.TIM3_IRQHandler)
    i.TIM3_Int_Init                          0x08007de8   Section        0  timer.o(i.TIM3_Int_Init)
    i.TIM5_IRQHandler                        0x08007e38   Section        0  timer.o(i.TIM5_IRQHandler)
    i.TP_Adj_Info_Show                       0x08007f1c   Section        0  touch.o(i.TP_Adj_Info_Show)
    i.TP_Adjust                              0x080080c4   Section        0  touch.o(i.TP_Adjust)
    i.TP_Drow_Touch_Point                    0x080089c4   Section        0  touch.o(i.TP_Drow_Touch_Point)
    i.TP_Get_Adjdata                         0x08008a34   Section        0  touch.o(i.TP_Get_Adjdata)
    i.TP_Init                                0x08008ae4   Section        0  touch.o(i.TP_Init)
    i.TP_Read_AD                             0x08008c38   Section        0  touch.o(i.TP_Read_AD)
    i.TP_Read_XOY                            0x08008cd0   Section        0  touch.o(i.TP_Read_XOY)
    i.TP_Read_XY                             0x08008d48   Section        0  touch.o(i.TP_Read_XY)
    i.TP_Read_XY2                            0x08008d78   Section        0  touch.o(i.TP_Read_XY2)
    i.TP_Save_Adjdata                        0x08008e38   Section        0  touch.o(i.TP_Save_Adjdata)
    i.TP_Scan                                0x08008eb8   Section        0  touch.o(i.TP_Scan)
    i.TP_Write_Byte                          0x08008fb4   Section        0  touch.o(i.TP_Write_Byte)
    i.UIStart                                0x08009000   Section        0  game.o(i.UIStart)
    UIStart                                  0x08009001   Thumb Code   276  game.o(i.UIStart)
    i.USART1_IRQHandler                      0x08009134   Section        0  usart.o(i.USART1_IRQHandler)
    i.W25QXX_Init                            0x080091b4   Section        0  w25qxx.o(i.W25QXX_Init)
    i.W25QXX_Read                            0x08009234   Section        0  w25qxx.o(i.W25QXX_Read)
    i.W25QXX_ReadID                          0x08009284   Section        0  w25qxx.o(i.W25QXX_ReadID)
    i.__hardfp_sqrt                          0x080092cc   Section        0  sqrt.o(i.__hardfp_sqrt)
    i._sys_exit                              0x08009346   Section        0  usart.o(i._sys_exit)
    i.delay_init                             0x0800934c   Section        0  delay.o(i.delay_init)
    i.delay_ms                               0x0800938c   Section        0  delay.o(i.delay_ms)
    i.delay_us                               0x080093c4   Section        0  delay.o(i.delay_us)
    i.delay_xms                              0x08009400   Section        0  delay.o(i.delay_xms)
    i.font_init                              0x0800943c   Section        0  fontupd.o(i.font_init)
    i.fputc                                  0x08009480   Section        0  usart.o(i.fputc)
    i.g_Set                                  0x0800949c   Section        0  game.o(i.g_Set)
    g_Set                                    0x0800949d   Thumb Code   494  game.o(i.g_Set)
    i.main                                   0x080096dc   Section        0  test.o(i.main)
    i.uart_init                              0x08009744   Section        0  usart.o(i.uart_init)
    x$fpl$dadd                               0x08009844   Section      336  daddsub_clz.o(x$fpl$dadd)
    $v0                                      0x08009844   Number         0  daddsub_clz.o(x$fpl$dadd)
    _dadd1                                   0x08009855   Thumb Code     0  daddsub_clz.o(x$fpl$dadd)
    x$fpl$dcmpinf                            0x08009994   Section       24  dcmpi.o(x$fpl$dcmpinf)
    $v0                                      0x08009994   Number         0  dcmpi.o(x$fpl$dcmpinf)
    x$fpl$dfixu                              0x080099ac   Section       90  dfixu.o(x$fpl$dfixu)
    $v0                                      0x080099ac   Number         0  dfixu.o(x$fpl$dfixu)
    x$fpl$dflt                               0x08009a06   Section       46  dflt_clz.o(x$fpl$dflt)
    $v0                                      0x08009a06   Number         0  dflt_clz.o(x$fpl$dflt)
    x$fpl$dfltu                              0x08009a34   Section       38  dflt_clz.o(x$fpl$dfltu)
    $v0                                      0x08009a34   Number         0  dflt_clz.o(x$fpl$dfltu)
    x$fpl$dleqf                              0x08009a5c   Section      120  dleqf.o(x$fpl$dleqf)
    $v0                                      0x08009a5c   Number         0  dleqf.o(x$fpl$dleqf)
    x$fpl$dmul                               0x08009ad4   Section      340  dmul.o(x$fpl$dmul)
    $v0                                      0x08009ad4   Number         0  dmul.o(x$fpl$dmul)
    x$fpl$dnaninf                            0x08009c28   Section      156  dnaninf.o(x$fpl$dnaninf)
    $v0                                      0x08009c28   Number         0  dnaninf.o(x$fpl$dnaninf)
    x$fpl$dretinf                            0x08009cc4   Section       12  dretinf.o(x$fpl$dretinf)
    $v0                                      0x08009cc4   Number         0  dretinf.o(x$fpl$dretinf)
    x$fpl$drleqf                             0x08009cd0   Section      108  drleqf.o(x$fpl$drleqf)
    $v0                                      0x08009cd0   Number         0  drleqf.o(x$fpl$drleqf)
    x$fpl$drsb                               0x08009d3c   Section       22  daddsub_clz.o(x$fpl$drsb)
    $v0                                      0x08009d3c   Number         0  daddsub_clz.o(x$fpl$drsb)
    x$fpl$dsqrt                              0x08009d54   Section      408  dsqrt_umaal.o(x$fpl$dsqrt)
    $v0                                      0x08009d54   Number         0  dsqrt_umaal.o(x$fpl$dsqrt)
    x$fpl$dsub                               0x08009eec   Section      468  daddsub_clz.o(x$fpl$dsub)
    $v0                                      0x08009eec   Number         0  daddsub_clz.o(x$fpl$dsub)
    _dsub1                                   0x08009efd   Thumb Code     0  daddsub_clz.o(x$fpl$dsub)
    x$fpl$f2d                                0x0800a0c0   Section       86  f2d.o(x$fpl$f2d)
    $v0                                      0x0800a0c0   Number         0  f2d.o(x$fpl$f2d)
    x$fpl$fnaninf                            0x0800a116   Section      140  fnaninf.o(x$fpl$fnaninf)
    $v0                                      0x0800a116   Number         0  fnaninf.o(x$fpl$fnaninf)
    x$fpl$fpinit                             0x0800a1a2   Section       10  fpinit.o(x$fpl$fpinit)
    $v0                                      0x0800a1a2   Number         0  fpinit.o(x$fpl$fpinit)
    .constdata                               0x0800a1ac   Section    12812  tftlcd.o(.constdata)
    x$fpl$usenofp                            0x0800a1ac   Section        0  usenofp.o(x$fpl$usenofp)
    .constdata                               0x0800d3b8   Section       10  ft5206.o(.constdata)
    .constdata                               0x0800d3c2   Section      194  gt9147.o(.constdata)
    .constdata                               0x0800d484   Section       10  ott2001a.o(.constdata)
    .constdata                               0x0800d490   Section        4  touch.o(.constdata)
    .constdata                               0x0800d494   Section       40  _printf_hex_int.o(.constdata)
    uc_hextab                                0x0800d494   Data          20  _printf_hex_int.o(.constdata)
    lc_hextab                                0x0800d4a8   Data          20  _printf_hex_int.o(.constdata)
    .conststring                             0x0800d4bc   Section      121  touch.o(.conststring)
    .ARM.__AT_0x10000000                     0x10000000   Section    61440  malloc.o(.ARM.__AT_0x10000000)
    .ARM.__AT_0x1000F000                     0x1000f000   Section     3840  malloc.o(.ARM.__AT_0x1000F000)
    .data                                    0x20000000   Section        4  delay.o(.data)
    fac_us                                   0x20000000   Data           1  delay.o(.data)
    fac_ms                                   0x20000002   Data           2  delay.o(.data)
    .data                                    0x20000004   Section        6  usart.o(.data)
    .data                                    0x2000000a   Section        4  tftlcd.o(.data)
    .data                                    0x2000000e   Section        2  w25qxx.o(.data)
    .data                                    0x20000010   Section       16  sdio_sdcard.o(.data)
    CardType                                 0x20000010   Data           1  sdio_sdcard.o(.data)
    RCA                                      0x20000014   Data           4  sdio_sdcard.o(.data)
    DeviceMode                               0x20000018   Data           1  sdio_sdcard.o(.data)
    StopCondition                            0x20000019   Data           1  sdio_sdcard.o(.data)
    .data                                    0x20000020   Section        8  timer.o(.data)
    .data                                    0x20000028   Section        1  ft5206.o(.data)
    t                                        0x20000028   Data           1  ft5206.o(.data)
    .data                                    0x20000029   Section        1  gt9147.o(.data)
    t                                        0x20000029   Data           1  gt9147.o(.data)
    .data                                    0x2000002a   Section        1  ott2001a.o(.data)
    t                                        0x2000002a   Data           1  ott2001a.o(.data)
    .data                                    0x2000002c   Section       54  touch.o(.data)
    .data                                    0x20000064   Section       52  game.o(.data)
    ckey                                     0x2000007c   Data           1  game.o(.data)
    ckey                                     0x2000007d   Data           1  game.o(.data)
    xChess                                   0x20000080   Data           4  game.o(.data)
    yChess                                   0x20000084   Data           4  game.o(.data)
    xPre                                     0x20000088   Data           4  game.o(.data)
    yPre                                     0x2000008c   Data           4  game.o(.data)
    State                                    0x20000090   Data           1  game.o(.data)
    skey                                     0x20000091   Data           1  game.o(.data)
    t                                        0x20000094   Data           4  game.o(.data)
    .bss                                     0x20000098   Section      200  usart.o(.bss)
    .bss                                     0x20000160   Section       14  tftlcd.o(.bss)
    .bss                                     0x2000016e   Section       33  fontupd.o(.bss)
    .bss                                     0x2000018f   Section      256  game.o(.bss)
    .bss                                     0x20000290   Section       96  libspace.o(.bss)
    HEAP                                     0x200002f0   Section        0  startup_stm32f40_41xxx.o(HEAP)
    STACK                                    0x200002f0   Section     1024  startup_stm32f40_41xxx.o(STACK)
    Heap_Mem                                 0x200002f0   Data           0  startup_stm32f40_41xxx.o(HEAP)
    Stack_Mem                                0x200002f0   Data        1024  startup_stm32f40_41xxx.o(STACK)
    __initial_sp                             0x200006f0   Data           0  startup_stm32f40_41xxx.o(STACK)
    .ARM.__AT_0x68000000                     0x68000000   Section    983040  malloc.o(.ARM.__AT_0x68000000)
    .ARM.__AT_0x680F0000                     0x680f0000   Section    61440  malloc.o(.ARM.__AT_0x680F0000)

    Global Symbols

    Symbol Name                              Value     Ov Type        Size  Object(Section)

    BuildAttributes$$THM_ISAv4$E$P$D$K$B$S$7EM$VFPi3$EXTD16$VFPS$VFMA$PE$A:L22UL41UL21$X:L11$S22US41US21$IEEE1$IW$USESV6$~STKCKD$USESV7$~SHL$OTIME$ROPI$IEEEJ$EBA8$UX$STANDARDLIB$REQ8$PRES8$EABIv2 0x00000000   Number         0  anon$$obj.o ABSOLUTE
    __ARM_use_no_argv                        0x00000000   Number         0  test.o ABSOLUTE
    __ARM_exceptions_init                     - Undefined Weak Reference
    __alloca_initialize                       - Undefined Weak Reference
    __arm_preinit_                            - Undefined Weak Reference
    __cpp_initialize__aeabi_                  - Undefined Weak Reference
    __cxa_finalize                            - Undefined Weak Reference
    __rt_locale                               - Undefined Weak Reference
    __sigvec_lookup                           - Undefined Weak Reference
    _atexit_init                              - Undefined Weak Reference
    _call_atexit_fns                          - Undefined Weak Reference
    _clock_init                               - Undefined Weak Reference
    _fp_trap_init                             - Undefined Weak Reference
    _fp_trap_shutdown                         - Undefined Weak Reference
    _get_lc_collate                           - Undefined Weak Reference
    _get_lc_ctype                             - Undefined Weak Reference
    _get_lc_monetary                          - Undefined Weak Reference
    _get_lc_numeric                           - Undefined Weak Reference
    _get_lc_time                              - Undefined Weak Reference
    _getenv_init                              - Undefined Weak Reference
    _handle_redirection                       - Undefined Weak Reference
    _init_alloc                               - Undefined Weak Reference
    _init_user_alloc                          - Undefined Weak Reference
    _initio                                   - Undefined Weak Reference
    _mutex_acquire                            - Undefined Weak Reference
    _mutex_release                            - Undefined Weak Reference
    _printf_mbtowc                            - Undefined Weak Reference
    _printf_post_padding                      - Undefined Weak Reference
    _printf_pre_padding                       - Undefined Weak Reference
    _printf_truncate_signed                   - Undefined Weak Reference
    _printf_truncate_unsigned                 - Undefined Weak Reference
    _rand_init                                - Undefined Weak Reference
    _signal_finish                            - Undefined Weak Reference
    _signal_init                              - Undefined Weak Reference
    _terminate_alloc                          - Undefined Weak Reference
    _terminate_user_alloc                     - Undefined Weak Reference
    _terminateio                              - Undefined Weak Reference
    __Vectors_Size                           0x00000188   Number         0  startup_stm32f40_41xxx.o ABSOLUTE
    __Vectors                                0x08000000   Data           4  startup_stm32f40_41xxx.o(RESET)
    __Vectors_End                            0x08000188   Data           0  startup_stm32f40_41xxx.o(RESET)
    __main                                   0x08000189   Thumb Code     8  __main.o(!!!main)
    __scatterload                            0x08000191   Thumb Code     0  __scatter.o(!!!scatter)
    __scatterload_rt2                        0x08000191   Thumb Code    44  __scatter.o(!!!scatter)
    __scatterload_rt2_thumb_only             0x08000191   Thumb Code     0  __scatter.o(!!!scatter)
    __scatterload_null                       0x0800019f   Thumb Code     0  __scatter.o(!!!scatter)
    __scatterload_copy                       0x080001c5   Thumb Code    26  __scatter_copy.o(!!handler_copy)
    __scatterload_zeroinit                   0x080001e1   Thumb Code    28  __scatter_zi.o(!!handler_zi)
    _printf_d                                0x080001fd   Thumb Code     0  _printf_d.o(.ARM.Collect$$_printf_percent$$00000009)
    _printf_percent                          0x080001fd   Thumb Code     0  _printf_percent.o(.ARM.Collect$$_printf_percent$$00000000)
    _printf_x                                0x08000203   Thumb Code     0  _printf_x.o(.ARM.Collect$$_printf_percent$$0000000C)
    _printf_s                                0x08000209   Thumb Code     0  _printf_s.o(.ARM.Collect$$_printf_percent$$00000014)
    _printf_percent_end                      0x0800020f   Thumb Code     0  _printf_percent_end.o(.ARM.Collect$$_printf_percent$$00000017)
    __rt_lib_init                            0x08000213   Thumb Code     0  libinit.o(.ARM.Collect$$libinit$$00000000)
    __rt_lib_init_fp_1                       0x08000215   Thumb Code     0  libinit2.o(.ARM.Collect$$libinit$$00000001)
    __rt_lib_init_alloca_1                   0x08000219   Thumb Code     0  libinit2.o(.ARM.Collect$$libinit$$0000002E)
    __rt_lib_init_argv_1                     0x08000219   Thumb Code     0  libinit2.o(.ARM.Collect$$libinit$$0000002C)
    __rt_lib_init_atexit_1                   0x08000219   Thumb Code     0  libinit2.o(.ARM.Collect$$libinit$$0000001B)
    __rt_lib_init_clock_1                    0x08000219   Thumb Code     0  libinit2.o(.ARM.Collect$$libinit$$00000021)
    __rt_lib_init_cpp_1                      0x08000219   Thumb Code     0  libinit2.o(.ARM.Collect$$libinit$$00000032)
    __rt_lib_init_exceptions_1               0x08000219   Thumb Code     0  libinit2.o(.ARM.Collect$$libinit$$00000030)
    __rt_lib_init_fp_trap_1                  0x08000219   Thumb Code     0  libinit2.o(.ARM.Collect$$libinit$$0000001F)
    __rt_lib_init_getenv_1                   0x08000219   Thumb Code     0  libinit2.o(.ARM.Collect$$libinit$$00000023)
    __rt_lib_init_heap_1                     0x08000219   Thumb Code     0  libinit2.o(.ARM.Collect$$libinit$$0000000A)
    __rt_lib_init_lc_collate_1               0x08000219   Thumb Code     0  libinit2.o(.ARM.Collect$$libinit$$00000011)
    __rt_lib_init_lc_ctype_1                 0x08000219   Thumb Code     0  libinit2.o(.ARM.Collect$$libinit$$00000013)
    __rt_lib_init_lc_monetary_1              0x08000219   Thumb Code     0  libinit2.o(.ARM.Collect$$libinit$$00000015)
    __rt_lib_init_lc_numeric_1               0x08000219   Thumb Code     0  libinit2.o(.ARM.Collect$$libinit$$00000017)
    __rt_lib_init_lc_time_1                  0x08000219   Thumb Code     0  libinit2.o(.ARM.Collect$$libinit$$00000019)
    __rt_lib_init_preinit_1                  0x08000219   Thumb Code     0  libinit2.o(.ARM.Collect$$libinit$$00000004)
    __rt_lib_init_rand_1                     0x08000219   Thumb Code     0  libinit2.o(.ARM.Collect$$libinit$$0000000E)
    __rt_lib_init_return                     0x08000219   Thumb Code     0  libinit2.o(.ARM.Collect$$libinit$$00000033)
    __rt_lib_init_signal_1                   0x08000219   Thumb Code     0  libinit2.o(.ARM.Collect$$libinit$$0000001D)
    __rt_lib_init_stdio_1                    0x08000219   Thumb Code     0  libinit2.o(.ARM.Collect$$libinit$$00000025)
    __rt_lib_init_user_alloc_1               0x08000219   Thumb Code     0  libinit2.o(.ARM.Collect$$libinit$$0000000C)
    __rt_lib_shutdown                        0x0800021b   Thumb Code     0  libshutdown.o(.ARM.Collect$$libshutdown$$00000000)
    __rt_lib_shutdown_fp_trap_1              0x0800021d   Thumb Code     0  libshutdown2.o(.ARM.Collect$$libshutdown$$00000006)
    __rt_lib_shutdown_heap_1                 0x0800021d   Thumb Code     0  libshutdown2.o(.ARM.Collect$$libshutdown$$0000000E)
    __rt_lib_shutdown_return                 0x0800021d   Thumb Code     0  libshutdown2.o(.ARM.Collect$$libshutdown$$0000000F)
    __rt_lib_shutdown_signal_1               0x0800021d   Thumb Code     0  libshutdown2.o(.ARM.Collect$$libshutdown$$00000009)
    __rt_lib_shutdown_stdio_1                0x0800021d   Thumb Code     0  libshutdown2.o(.ARM.Collect$$libshutdown$$00000003)
    __rt_lib_shutdown_user_alloc_1           0x0800021d   Thumb Code     0  libshutdown2.o(.ARM.Collect$$libshutdown$$0000000B)
    __rt_entry                               0x0800021f   Thumb Code     0  __rtentry.o(.ARM.Collect$$rtentry$$00000000)
    __rt_entry_presh_1                       0x0800021f   Thumb Code     0  __rtentry2.o(.ARM.Collect$$rtentry$$00000002)
    __rt_entry_sh                            0x0800021f   Thumb Code     0  __rtentry4.o(.ARM.Collect$$rtentry$$00000004)
    __rt_entry_li                            0x08000225   Thumb Code     0  __rtentry2.o(.ARM.Collect$$rtentry$$0000000A)
    __rt_entry_postsh_1                      0x08000225   Thumb Code     0  __rtentry2.o(.ARM.Collect$$rtentry$$00000009)
    __rt_entry_main                          0x08000229   Thumb Code     0  __rtentry2.o(.ARM.Collect$$rtentry$$0000000D)
    __rt_entry_postli_1                      0x08000229   Thumb Code     0  __rtentry2.o(.ARM.Collect$$rtentry$$0000000C)
    __rt_exit                                0x08000231   Thumb Code     0  rtexit.o(.ARM.Collect$$rtexit$$00000000)
    __rt_exit_ls                             0x08000233   Thumb Code     0  rtexit2.o(.ARM.Collect$$rtexit$$00000003)
    __rt_exit_prels_1                        0x08000233   Thumb Code     0  rtexit2.o(.ARM.Collect$$rtexit$$00000002)
    __rt_exit_exit                           0x08000237   Thumb Code     0  rtexit2.o(.ARM.Collect$$rtexit$$00000004)
    Reset_Handler                            0x0800023d   Thumb Code    14  startup_stm32f40_41xxx.o(.text)
    NMI_Handler                              0x0800024b   Thumb Code     2  startup_stm32f40_41xxx.o(.text)
    HardFault_Handler                        0x0800024d   Thumb Code     2  startup_stm32f40_41xxx.o(.text)
    MemManage_Handler                        0x0800024f   Thumb Code     2  startup_stm32f40_41xxx.o(.text)
    BusFault_Handler                         0x08000251   Thumb Code     2  startup_stm32f40_41xxx.o(.text)
    UsageFault_Handler                       0x08000253   Thumb Code     2  startup_stm32f40_41xxx.o(.text)
    SVC_Handler                              0x08000255   Thumb Code     2  startup_stm32f40_41xxx.o(.text)
    DebugMon_Handler                         0x08000257   Thumb Code     2  startup_stm32f40_41xxx.o(.text)
    PendSV_Handler                           0x08000259   Thumb Code     2  startup_stm32f40_41xxx.o(.text)
    SysTick_Handler                          0x0800025b   Thumb Code     2  startup_stm32f40_41xxx.o(.text)
    ADC_IRQHandler                           0x0800025d   Thumb Code     0  startup_stm32f40_41xxx.o(.text)
    CAN1_RX0_IRQHandler                      0x0800025d   Thumb Code     0  startup_stm32f40_41xxx.o(.text)
    CAN1_RX1_IRQHandler                      0x0800025d   Thumb Code     0  startup_stm32f40_41xxx.o(.text)
    CAN1_SCE_IRQHandler                      0x0800025d   Thumb Code     0  startup_stm32f40_41xxx.o(.text)
    CAN1_TX_IRQHandler                       0x0800025d   Thumb Code     0  startup_stm32f40_41xxx.o(.text)
    CAN2_RX0_IRQHandler                      0x0800025d   Thumb Code     0  startup_stm32f40_41xxx.o(.text)
    CAN2_RX1_IRQHandler                      0x0800025d   Thumb Code     0  startup_stm32f40_41xxx.o(.text)
    CAN2_SCE_IRQHandler                      0x0800025d   Thumb Code     0  startup_stm32f40_41xxx.o(.text)
    CAN2_TX_IRQHandler                       0x0800025d   Thumb Code     0  startup_stm32f40_41xxx.o(.text)
    CRYP_IRQHandler                          0x0800025d   Thumb Code     0  startup_stm32f40_41xxx.o(.text)
    DCMI_IRQHandler                          0x0800025d   Thumb Code     0  startup_stm32f40_41xxx.o(.text)
    DMA1_Stream0_IRQHandler                  0x0800025d   Thumb Code     0  startup_stm32f40_41xxx.o(.text)
    DMA1_Stream1_IRQHandler                  0x0800025d   Thumb Code     0  startup_stm32f40_41xxx.o(.text)
    DMA1_Stream2_IRQHandler                  0x0800025d   Thumb Code     0  startup_stm32f40_41xxx.o(.text)
    DMA1_Stream3_IRQHandler                  0x0800025d   Thumb Code     0  startup_stm32f40_41xxx.o(.text)
    DMA1_Stream4_IRQHandler                  0x0800025d   Thumb Code     0  startup_stm32f40_41xxx.o(.text)
    DMA1_Stream5_IRQHandler                  0x0800025d   Thumb Code     0  startup_stm32f40_41xxx.o(.text)
    DMA1_Stream6_IRQHandler                  0x0800025d   Thumb Code     0  startup_stm32f40_41xxx.o(.text)
    DMA1_Stream7_IRQHandler                  0x0800025d   Thumb Code     0  startup_stm32f40_41xxx.o(.text)
    DMA2_Stream0_IRQHandler                  0x0800025d   Thumb Code     0  startup_stm32f40_41xxx.o(.text)
    DMA2_Stream1_IRQHandler                  0x0800025d   Thumb Code     0  startup_stm32f40_41xxx.o(.text)
    DMA2_Stream2_IRQHandler                  0x0800025d   Thumb Code     0  startup_stm32f40_41xxx.o(.text)
    DMA2_Stream3_IRQHandler                  0x0800025d   Thumb Code     0  startup_stm32f40_41xxx.o(.text)
    DMA2_Stream4_IRQHandler                  0x0800025d   Thumb Code     0  startup_stm32f40_41xxx.o(.text)
    DMA2_Stream5_IRQHandler                  0x0800025d   Thumb Code     0  startup_stm32f40_41xxx.o(.text)
    DMA2_Stream6_IRQHandler                  0x0800025d   Thumb Code     0  startup_stm32f40_41xxx.o(.text)
    DMA2_Stream7_IRQHandler                  0x0800025d   Thumb Code     0  startup_stm32f40_41xxx.o(.text)
    ETH_IRQHandler                           0x0800025d   Thumb Code     0  startup_stm32f40_41xxx.o(.text)
    ETH_WKUP_IRQHandler                      0x0800025d   Thumb Code     0  startup_stm32f40_41xxx.o(.text)
    EXTI0_IRQHandler                         0x0800025d   Thumb Code     0  startup_stm32f40_41xxx.o(.text)
    EXTI15_10_IRQHandler                     0x0800025d   Thumb Code     0  startup_stm32f40_41xxx.o(.text)
    EXTI1_IRQHandler                         0x0800025d   Thumb Code     0  startup_stm32f40_41xxx.o(.text)
    EXTI2_IRQHandler                         0x0800025d   Thumb Code     0  startup_stm32f40_41xxx.o(.text)
    EXTI3_IRQHandler                         0x0800025d   Thumb Code     0  startup_stm32f40_41xxx.o(.text)
    EXTI9_5_IRQHandler                       0x0800025d   Thumb Code     0  startup_stm32f40_41xxx.o(.text)
    FLASH_IRQHandler                         0x0800025d   Thumb Code     0  startup_stm32f40_41xxx.o(.text)
    FPU_IRQHandler                           0x0800025d   Thumb Code     0  startup_stm32f40_41xxx.o(.text)
    FSMC_IRQHandler                          0x0800025d   Thumb Code     0  startup_stm32f40_41xxx.o(.text)
    HASH_RNG_IRQHandler                      0x0800025d   Thumb Code     0  startup_stm32f40_41xxx.o(.text)
    I2C1_ER_IRQHandler                       0x0800025d   Thumb Code     0  startup_stm32f40_41xxx.o(.text)
    I2C1_EV_IRQHandler                       0x0800025d   Thumb Code     0  startup_stm32f40_41xxx.o(.text)
    I2C2_ER_IRQHandler                       0x0800025d   Thumb Code     0  startup_stm32f40_41xxx.o(.text)
    I2C2_EV_IRQHandler                       0x0800025d   Thumb Code     0  startup_stm32f40_41xxx.o(.text)
    I2C3_ER_IRQHandler                       0x0800025d   Thumb Code     0  startup_stm32f40_41xxx.o(.text)
    I2C3_EV_IRQHandler                       0x0800025d   Thumb Code     0  startup_stm32f40_41xxx.o(.text)
    OTG_FS_IRQHandler                        0x0800025d   Thumb Code     0  startup_stm32f40_41xxx.o(.text)
    OTG_FS_WKUP_IRQHandler                   0x0800025d   Thumb Code     0  startup_stm32f40_41xxx.o(.text)
    OTG_HS_EP1_IN_IRQHandler                 0x0800025d   Thumb Code     0  startup_stm32f40_41xxx.o(.text)
    OTG_HS_EP1_OUT_IRQHandler                0x0800025d   Thumb Code     0  startup_stm32f40_41xxx.o(.text)
    OTG_HS_IRQHandler                        0x0800025d   Thumb Code     0  startup_stm32f40_41xxx.o(.text)
    OTG_HS_WKUP_IRQHandler                   0x0800025d   Thumb Code     0  startup_stm32f40_41xxx.o(.text)
    PVD_IRQHandler                           0x0800025d   Thumb Code     0  startup_stm32f40_41xxx.o(.text)
    RCC_IRQHandler                           0x0800025d   Thumb Code     0  startup_stm32f40_41xxx.o(.text)
    RTC_Alarm_IRQHandler                     0x0800025d   Thumb Code     0  startup_stm32f40_41xxx.o(.text)
    RTC_WKUP_IRQHandler                      0x0800025d   Thumb Code     0  startup_stm32f40_41xxx.o(.text)
    SPI1_IRQHandler                          0x0800025d   Thumb Code     0  startup_stm32f40_41xxx.o(.text)
    SPI2_IRQHandler                          0x0800025d   Thumb Code     0  startup_stm32f40_41xxx.o(.text)
    SPI3_IRQHandler                          0x0800025d   Thumb Code     0  startup_stm32f40_41xxx.o(.text)
    TAMP_STAMP_IRQHandler                    0x0800025d   Thumb Code     0  startup_stm32f40_41xxx.o(.text)
    TIM1_BRK_TIM9_IRQHandler                 0x0800025d   Thumb Code     0  startup_stm32f40_41xxx.o(.text)
    TIM1_CC_IRQHandler                       0x0800025d   Thumb Code     0  startup_stm32f40_41xxx.o(.text)
    TIM1_TRG_COM_TIM11_IRQHandler            0x0800025d   Thumb Code     0  startup_stm32f40_41xxx.o(.text)
    TIM1_UP_TIM10_IRQHandler                 0x0800025d   Thumb Code     0  startup_stm32f40_41xxx.o(.text)
    TIM2_IRQHandler                          0x0800025d   Thumb Code     0  startup_stm32f40_41xxx.o(.text)
    TIM4_IRQHandler                          0x0800025d   Thumb Code     0  startup_stm32f40_41xxx.o(.text)
    TIM6_DAC_IRQHandler                      0x0800025d   Thumb Code     0  startup_stm32f40_41xxx.o(.text)
    TIM7_IRQHandler                          0x0800025d   Thumb Code     0  startup_stm32f40_41xxx.o(.text)
    TIM8_BRK_TIM12_IRQHandler                0x0800025d   Thumb Code     0  startup_stm32f40_41xxx.o(.text)
    TIM8_CC_IRQHandler                       0x0800025d   Thumb Code     0  startup_stm32f40_41xxx.o(.text)
    TIM8_TRG_COM_TIM14_IRQHandler            0x0800025d   Thumb Code     0  startup_stm32f40_41xxx.o(.text)
    TIM8_UP_TIM13_IRQHandler                 0x0800025d   Thumb Code     0  startup_stm32f40_41xxx.o(.text)
    UART4_IRQHandler                         0x0800025d   Thumb Code     0  startup_stm32f40_41xxx.o(.text)
    UART5_IRQHandler                         0x0800025d   Thumb Code     0  startup_stm32f40_41xxx.o(.text)
    USART2_IRQHandler                        0x0800025d   Thumb Code     0  startup_stm32f40_41xxx.o(.text)
    USART3_IRQHandler                        0x0800025d   Thumb Code     0  startup_stm32f40_41xxx.o(.text)
    USART6_IRQHandler                        0x0800025d   Thumb Code     0  startup_stm32f40_41xxx.o(.text)
    WWDG_IRQHandler                          0x0800025d   Thumb Code     0  startup_stm32f40_41xxx.o(.text)
    __user_initial_stackheap                 0x08000261   Thumb Code     0  startup_stm32f40_41xxx.o(.text)
    __use_no_semihosting                     0x08000281   Thumb Code     2  use_no_semi_2.o(.text)
    __2printf                                0x08000285   Thumb Code    20  noretval__2printf.o(.text)
    __printf                                 0x0800029d   Thumb Code   104  __printf.o(.text)
    _printf_str                              0x08000305   Thumb Code    82  _printf_str.o(.text)
    _printf_int_dec                          0x08000359   Thumb Code   104  _printf_dec.o(.text)
    _printf_int_hex                          0x080003d1   Thumb Code    84  _printf_hex_int.o(.text)
    _printf_longlong_hex                     0x080003d1   Thumb Code     0  _printf_hex_int.o(.text)
    strlen                                   0x08000429   Thumb Code    62  strlen.o(.text)
    __aeabi_memclr                           0x08000467   Thumb Code     0  rt_memclr.o(.text)
    __rt_memclr                              0x08000467   Thumb Code    68  rt_memclr.o(.text)
    _memset                                  0x0800046b   Thumb Code     0  rt_memclr.o(.text)
    __aeabi_memclr4                          0x080004ab   Thumb Code     0  rt_memclr_w.o(.text)
    __aeabi_memclr8                          0x080004ab   Thumb Code     0  rt_memclr_w.o(.text)
    __rt_memclr_w                            0x080004ab   Thumb Code    78  rt_memclr_w.o(.text)
    _memset_w                                0x080004af   Thumb Code     0  rt_memclr_w.o(.text)
    strcmp                                   0x080004f9   Thumb Code   128  strcmpv7m.o(.text)
    __use_two_region_memory                  0x08000579   Thumb Code     2  heapauxi.o(.text)
    __rt_heap_escrow$2region                 0x0800057b   Thumb Code     2  heapauxi.o(.text)
    __rt_heap_expand$2region                 0x0800057d   Thumb Code     2  heapauxi.o(.text)
    __I$use$semihosting                      0x0800057f   Thumb Code     0  use_no_semi.o(.text)
    __use_no_semihosting_swi                 0x0800057f   Thumb Code     2  use_no_semi.o(.text)
    __read_errno                             0x08000581   Thumb Code    10  _rserrno.o(.text)
    __set_errno                              0x0800058b   Thumb Code    12  _rserrno.o(.text)
    _printf_int_common                       0x08000597   Thumb Code   178  _printf_intcommon.o(.text)
    _printf_cs_common                        0x08000649   Thumb Code    20  _printf_char.o(.text)
    _printf_char                             0x0800065d   Thumb Code    16  _printf_char.o(.text)
    _printf_string                           0x0800066d   Thumb Code     8  _printf_char.o(.text)
    _printf_char_file                        0x08000675   Thumb Code    32  _printf_char_file.o(.text)
    __aeabi_errno_addr                       0x08000699   Thumb Code     8  rt_errno_addr_intlibspace.o(.text)
    __errno$intlibspace                      0x08000699   Thumb Code     0  rt_errno_addr_intlibspace.o(.text)
    __rt_errno_addr$intlibspace              0x08000699   Thumb Code     0  rt_errno_addr_intlibspace.o(.text)
    _printf_char_common                      0x080006ab   Thumb Code    32  _printf_char_common.o(.text)
    ferror                                   0x080006d1   Thumb Code     8  ferror.o(.text)
    __user_libspace                          0x080006d9   Thumb Code     8  libspace.o(.text)
    __user_perproc_libspace                  0x080006d9   Thumb Code     0  libspace.o(.text)
    __user_perthread_libspace                0x080006d9   Thumb Code     0  libspace.o(.text)
    __user_setup_stackheap                   0x080006e1   Thumb Code    74  sys_stackheap_outer.o(.text)
    exit                                     0x0800072b   Thumb Code    12  exit.o(.text)
    AT24CXX_Init                             0x08000737   Thumb Code     8  24cxx.o(i.AT24CXX_Init)
    AT24CXX_ReadLenByte                      0x0800073f   Thumb Code    44  24cxx.o(i.AT24CXX_ReadLenByte)
    AT24CXX_ReadOneByte                      0x0800076b   Thumb Code    88  24cxx.o(i.AT24CXX_ReadOneByte)
    AT24CXX_WriteLenByte                     0x080007c3   Thumb Code    42  24cxx.o(i.AT24CXX_WriteLenByte)
    AT24CXX_WriteOneByte                     0x080007ed   Thumb Code    80  24cxx.o(i.AT24CXX_WriteOneByte)
    BEEP_Init                                0x0800083d   Thumb Code    40  beep.o(i.BEEP_Init)
    BEEP_Run                                 0x08000871   Thumb Code    26  beep.o(i.BEEP_Run)
    CT_Delay                                 0x08000895   Thumb Code    10  ctiic.o(i.CT_Delay)
    CT_IIC_Ack                               0x080008a1   Thumb Code    66  ctiic.o(i.CT_IIC_Ack)
    CT_IIC_Init                              0x080008f5   Thumb Code    66  ctiic.o(i.CT_IIC_Init)
    CT_IIC_NAck                              0x08000945   Thumb Code    66  ctiic.o(i.CT_IIC_NAck)
    CT_IIC_Read_Byte                         0x08000999   Thumb Code    90  ctiic.o(i.CT_IIC_Read_Byte)
    CT_IIC_Send_Byte                         0x08000a05   Thumb Code    82  ctiic.o(i.CT_IIC_Send_Byte)
    CT_IIC_Start                             0x08000a69   Thumb Code    62  ctiic.o(i.CT_IIC_Start)
    CT_IIC_Stop                              0x08000ab5   Thumb Code    56  ctiic.o(i.CT_IIC_Stop)
    CT_IIC_Wait_Ack                          0x08000afd   Thumb Code    78  ctiic.o(i.CT_IIC_Wait_Ack)
    CalExit_Init                             0x08000b5d   Thumb Code    94  exit.o(i.CalExit_Init)
    CmdResp1Error                            0x08000bcd   Thumb Code    92  sdio_sdcard.o(i.CmdResp1Error)
    EXTI4_IRQHandler                         0x08000ec9   Thumb Code    34  exit.o(i.EXTI4_IRQHandler)
    Ex_NVIC_Config                           0x08000ef9   Thumb Code   168  sys.o(i.Ex_NVIC_Config)
    FT5206_Init                              0x08000fad   Thumb Code   202  ft5206.o(i.FT5206_Init)
    FT5206_RD_Reg                            0x08001099   Thumb Code    88  ft5206.o(i.FT5206_RD_Reg)
    FT5206_Scan                              0x080010f1   Thumb Code   400  ft5206.o(i.FT5206_Scan)
    FT5206_WR_Reg                            0x0800128d   Thumb Code    82  ft5206.o(i.FT5206_WR_Reg)
    GPIO_AF_Set                              0x080012df   Thumb Code    64  sys.o(i.GPIO_AF_Set)
    GPIO_Set                                 0x0800131f   Thumb Code   222  sys.o(i.GPIO_Set)
    GT9147_Init                              0x080013fd   Thumb Code   242  gt9147.o(i.GT9147_Init)
    GT9147_RD_Reg                            0x0800152d   Thumb Code    98  gt9147.o(i.GT9147_RD_Reg)
    GT9147_Scan                              0x08001591   Thumb Code   494  gt9147.o(i.GT9147_Scan)
    GT9147_Send_Cfg                          0x08001791   Thumb Code    86  gt9147.o(i.GT9147_Send_Cfg)
    GT9147_WR_Reg                            0x080017ed   Thumb Code    92  gt9147.o(i.GT9147_WR_Reg)
    GameInit                                 0x08001849   Thumb Code   272  game.o(i.GameInit)
    GameStart                                0x08001991   Thumb Code  1218  game.o(i.GameStart)
    Get_HzMat                                0x080020dd   Thumb Code   220  text.o(i.Get_HzMat)
    IIC_Ack                                  0x080021bd   Thumb Code    66  myiic.o(i.IIC_Ack)
    IIC_Init                                 0x0800220d   Thumb Code    50  myiic.o(i.IIC_Init)
    IIC_NAck                                 0x08002251   Thumb Code    66  myiic.o(i.IIC_NAck)
    IIC_Read_Byte                            0x080022a1   Thumb Code    94  myiic.o(i.IIC_Read_Byte)
    IIC_Send_Byte                            0x0800230d   Thumb Code    90  myiic.o(i.IIC_Send_Byte)
    IIC_Start                                0x08002375   Thumb Code    64  myiic.o(i.IIC_Start)
    IIC_Stop                                 0x080023c1   Thumb Code    62  myiic.o(i.IIC_Stop)
    IIC_Wait_Ack                             0x0800240d   Thumb Code    82  myiic.o(i.IIC_Wait_Ack)
    KEY_Init                                 0x08002581   Thumb Code    92  key.o(i.KEY_Init)
    LCD_Clear                                0x080025f5   Thumb Code   100  tftlcd.o(i.LCD_Clear)
    LCD_Display_Dir                          0x08002661   Thumb Code   444  tftlcd.o(i.LCD_Display_Dir)
    LCD_DrawLine                             0x08002821   Thumb Code   176  tftlcd.o(i.LCD_DrawLine)
    LCD_DrawPoint                            0x080028d1   Thumb Code    28  tftlcd.o(i.LCD_DrawPoint)
    LCD_DrawRectangle                        0x080028f5   Thumb Code    60  tftlcd.o(i.LCD_DrawRectangle)
    LCD_Draw_Circle                          0x08002931   Thumb Code   152  tftlcd.o(i.LCD_Draw_Circle)
    LCD_Fast_DrawPoint                       0x080029c9   Thumb Code   374  tftlcd.o(i.LCD_Fast_DrawPoint)
    LCD_Fill                                 0x08002b49   Thumb Code   180  tftlcd.o(i.LCD_Fill)
    LCD_Init                                 0x08002c01   Thumb Code 14634  tftlcd.o(i.LCD_Init)
    LCD_Pow                                  0x08006535   Thumb Code    22  tftlcd.o(i.LCD_Pow)
    LCD_RD_DATA                              0x0800654d   Thumb Code    14  tftlcd.o(i.LCD_RD_DATA)
    LCD_ReadReg                              0x08006561   Thumb Code    22  tftlcd.o(i.LCD_ReadReg)
    LCD_SSD_BackLightSet                     0x08006579   Thumb Code    88  tftlcd.o(i.LCD_SSD_BackLightSet)
    LCD_Scan_Dir                             0x080065d9   Thumb Code   744  tftlcd.o(i.LCD_Scan_Dir)
    LCD_SetCursor                            0x080068c5   Thumb Code   418  tftlcd.o(i.LCD_SetCursor)
    LCD_ShowChar                             0x08006a6d   Thumb Code   272  tftlcd.o(i.LCD_ShowChar)
    LCD_ShowNum                              0x08006b95   Thumb Code   148  tftlcd.o(i.LCD_ShowNum)
    LCD_ShowString                           0x08006c29   Thumb Code   102  tftlcd.o(i.LCD_ShowString)
    LCD_ShowxNum                             0x08006c8f   Thumb Code   190  tftlcd.o(i.LCD_ShowxNum)
    LCD_WR_DATA                              0x08006d4d   Thumb Code    18  tftlcd.o(i.LCD_WR_DATA)
    LCD_WR_REG                               0x08006d65   Thumb Code    18  tftlcd.o(i.LCD_WR_REG)
    LCD_WriteRAM_Prepare                     0x08006d7d   Thumb Code    10  tftlcd.o(i.LCD_WriteRAM_Prepare)
    LCD_WriteReg                             0x08006d91   Thumb Code    14  tftlcd.o(i.LCD_WriteReg)
    LED_Init                                 0x08006da5   Thumb Code    68  led.o(i.LED_Init)
    LcdDrawCircleA                           0x08006df9   Thumb Code   764  tftlcd.o(i.LcdDrawCircleA)
    MY_NVIC_Init                             0x080070f9   Thumb Code   116  sys.o(i.MY_NVIC_Init)
    MY_NVIC_PriorityGroupConfig              0x08007171   Thumb Code    32  sys.o(i.MY_NVIC_PriorityGroupConfig)
    MY_NVIC_SetVectorTable                   0x08007199   Thumb Code    12  sys.o(i.MY_NVIC_SetVectorTable)
    OTT2001A_Init                            0x080071a9   Thumb Code   142  ott2001a.o(i.OTT2001A_Init)
    OTT2001A_RD_Reg                          0x08007259   Thumb Code    98  ott2001a.o(i.OTT2001A_RD_Reg)
    OTT2001A_Scan                            0x080072bd   Thumb Code   478  ott2001a.o(i.OTT2001A_Scan)
    OTT2001A_SensorControl                   0x080074c1   Thumb Code    28  ott2001a.o(i.OTT2001A_SensorControl)
    OTT2001A_WR_Reg                          0x080074dd   Thumb Code    92  ott2001a.o(i.OTT2001A_WR_Reg)
    RNG_Get_RandomNum                        0x08007539   Thumb Code    22  rng.o(i.RNG_Get_RandomNum)
    RNG_Get_RandomRange                      0x08007555   Thumb Code    24  rng.o(i.RNG_Get_RandomRange)
    RNG_Init                                 0x0800756d   Thumb Code    70  rng.o(i.RNG_Init)
    SDIO_IRQHandler                          0x080075dd   Thumb Code     8  sdio_sdcard.o(i.SDIO_IRQHandler)
    SDIO_Send_Cmd                            0x080075e5   Thumb Code    40  sdio_sdcard.o(i.SDIO_Send_Cmd)
    SD_ProcessIRQSrc                         0x08007611   Thumb Code   346  sdio_sdcard.o(i.SD_ProcessIRQSrc)
    SPI1_Init                                0x0800777d   Thumb Code   170  spi.o(i.SPI1_Init)
    SPI1_ReadWriteByte                       0x08007835   Thumb Code    42  spi.o(i.SPI1_ReadWriteByte)
    SPI1_SetSpeed                            0x08007865   Thumb Code    40  spi.o(i.SPI1_SetSpeed)
    Show_Font                                0x08007abd   Thumb Code   190  text.o(i.Show_Font)
    Show_Str                                 0x08007b85   Thumb Code   194  text.o(i.Show_Str)
    Stm32_Clock_Init                         0x08007c49   Thumb Code    90  sys.o(i.Stm32_Clock_Init)
    Sys_Clock_Set                            0x08007cb1   Thumb Code   254  sys.o(i.Sys_Clock_Set)
    TIM3_IRQHandler                          0x08007dbd   Thumb Code    34  timer.o(i.TIM3_IRQHandler)
    TIM3_Int_Init                            0x08007de9   Thumb Code    72  timer.o(i.TIM3_Int_Init)
    TIM5_IRQHandler                          0x08007e39   Thumb Code   214  timer.o(i.TIM5_IRQHandler)
    TP_Adj_Info_Show                         0x08007f1d   Thumb Code   374  touch.o(i.TP_Adj_Info_Show)
    TP_Adjust                                0x080080c5   Thumb Code  2304  touch.o(i.TP_Adjust)
    TP_Drow_Touch_Point                      0x080089c5   Thumb Code   108  touch.o(i.TP_Drow_Touch_Point)
    TP_Get_Adjdata                           0x08008a35   Thumb Code   160  touch.o(i.TP_Get_Adjdata)
    TP_Init                                  0x08008ae5   Thumb Code   304  touch.o(i.TP_Init)
    TP_Read_AD                               0x08008c39   Thumb Code   134  touch.o(i.TP_Read_AD)
    TP_Read_XOY                              0x08008cd1   Thumb Code   120  touch.o(i.TP_Read_XOY)
    TP_Read_XY                               0x08008d49   Thumb Code    38  touch.o(i.TP_Read_XY)
    TP_Read_XY2                              0x08008d79   Thumb Code   192  touch.o(i.TP_Read_XY2)
    TP_Save_Adjdata                          0x08008e39   Thumb Code   118  touch.o(i.TP_Save_Adjdata)
    TP_Scan                                  0x08008eb9   Thumb Code   242  touch.o(i.TP_Scan)
    TP_Write_Byte                            0x08008fb5   Thumb Code    64  touch.o(i.TP_Write_Byte)
    USART1_IRQHandler                        0x08009135   Thumb Code   116  usart.o(i.USART1_IRQHandler)
    W25QXX_Init                              0x080091b5   Thumb Code   106  w25qxx.o(i.W25QXX_Init)
    W25QXX_Read                              0x08009235   Thumb Code    74  w25qxx.o(i.W25QXX_Read)
    W25QXX_ReadID                            0x08009285   Thumb Code    64  w25qxx.o(i.W25QXX_ReadID)
    __hardfp_sqrt                            0x080092cd   Thumb Code   122  sqrt.o(i.__hardfp_sqrt)
    _sys_exit                                0x08009347   Thumb Code     6  usart.o(i._sys_exit)
    delay_init                               0x0800934d   Thumb Code    56  delay.o(i.delay_init)
    delay_ms                                 0x0800938d   Thumb Code    56  delay.o(i.delay_ms)
    delay_us                                 0x080093c5   Thumb Code    56  delay.o(i.delay_us)
    delay_xms                                0x08009401   Thumb Code    56  delay.o(i.delay_xms)
    font_init                                0x0800943d   Thumb Code    64  fontupd.o(i.font_init)
    fputc                                    0x08009481   Thumb Code    22  usart.o(i.fputc)
    main                                     0x080096dd   Thumb Code   100  test.o(i.main)
    uart_init                                0x08009745   Thumb Code   240  usart.o(i.uart_init)
    __aeabi_dadd                             0x08009845   Thumb Code     0  daddsub_clz.o(x$fpl$dadd)
    _dadd                                    0x08009845   Thumb Code   332  daddsub_clz.o(x$fpl$dadd)
    __fpl_dcmp_Inf                           0x08009995   Thumb Code    24  dcmpi.o(x$fpl$dcmpinf)
    __aeabi_d2uiz                            0x080099ad   Thumb Code     0  dfixu.o(x$fpl$dfixu)
    _dfixu                                   0x080099ad   Thumb Code    90  dfixu.o(x$fpl$dfixu)
    __aeabi_i2d                              0x08009a07   Thumb Code     0  dflt_clz.o(x$fpl$dflt)
    _dflt                                    0x08009a07   Thumb Code    46  dflt_clz.o(x$fpl$dflt)
    __aeabi_ui2d                             0x08009a35   Thumb Code     0  dflt_clz.o(x$fpl$dfltu)
    _dfltu                                   0x08009a35   Thumb Code    38  dflt_clz.o(x$fpl$dfltu)
    __aeabi_cdcmple                          0x08009a5d   Thumb Code     0  dleqf.o(x$fpl$dleqf)
    _dcmple                                  0x08009a5d   Thumb Code   120  dleqf.o(x$fpl$dleqf)
    __fpl_dcmple_InfNaN                      0x08009abf   Thumb Code     0  dleqf.o(x$fpl$dleqf)
    __aeabi_dmul                             0x08009ad5   Thumb Code     0  dmul.o(x$fpl$dmul)
    _dmul                                    0x08009ad5   Thumb Code   332  dmul.o(x$fpl$dmul)
    __fpl_dnaninf                            0x08009c29   Thumb Code   156  dnaninf.o(x$fpl$dnaninf)
    __fpl_dretinf                            0x08009cc5   Thumb Code    12  dretinf.o(x$fpl$dretinf)
    __aeabi_cdrcmple                         0x08009cd1   Thumb Code     0  drleqf.o(x$fpl$drleqf)
    _drcmple                                 0x08009cd1   Thumb Code   108  drleqf.o(x$fpl$drleqf)
    __aeabi_drsub                            0x08009d3d   Thumb Code     0  daddsub_clz.o(x$fpl$drsb)
    _drsb                                    0x08009d3d   Thumb Code    22  daddsub_clz.o(x$fpl$drsb)
    _dsqrt                                   0x08009d55   Thumb Code   404  dsqrt_umaal.o(x$fpl$dsqrt)
    __aeabi_dsub                             0x08009eed   Thumb Code     0  daddsub_clz.o(x$fpl$dsub)
    _dsub                                    0x08009eed   Thumb Code   464  daddsub_clz.o(x$fpl$dsub)
    __aeabi_f2d                              0x0800a0c1   Thumb Code     0  f2d.o(x$fpl$f2d)
    _f2d                                     0x0800a0c1   Thumb Code    86  f2d.o(x$fpl$f2d)
    __fpl_fnaninf                            0x0800a117   Thumb Code   140  fnaninf.o(x$fpl$fnaninf)
    _fp_init                                 0x0800a1a3   Thumb Code    10  fpinit.o(x$fpl$fpinit)
    __fplib_config_fpu_vfp                   0x0800a1ab   Thumb Code     0  fpinit.o(x$fpl$fpinit)
    __fplib_config_pureend_doubles           0x0800a1ab   Thumb Code     0  fpinit.o(x$fpl$fpinit)
    __I$use$fp                               0x0800a1ac   Number         0  usenofp.o(x$fpl$usenofp)
    asc2_1206                                0x0800a1ac   Data        1140  tftlcd.o(.constdata)
    asc2_1608                                0x0800a620   Data        1520  tftlcd.o(.constdata)
    asc2_2412                                0x0800ac10   Data        3420  tftlcd.o(.constdata)
    horse                                    0x0800b96c   Data        6732  tftlcd.o(.constdata)
    FT5206_TPX_TBL                           0x0800d3b8   Data          10  ft5206.o(.constdata)
    GT9147_CFG_TBL                           0x0800d3c2   Data         184  gt9147.o(.constdata)
    GT9147_TPX_TBL                           0x0800d47a   Data          10  gt9147.o(.constdata)
    OTT_TPX_TBL                              0x0800d484   Data          10  ott2001a.o(.constdata)
    TP_REMIND_MSG_TBL                        0x0800d490   Data           4  touch.o(.constdata)
    Region$$Table$$Base                      0x0800d538   Number         0  anon$$obj.o(Region$$Table)
    Region$$Table$$Limit                     0x0800d558   Number         0  anon$$obj.o(Region$$Table)
    mem3base                                 0x10000000   Data       61440  malloc.o(.ARM.__AT_0x10000000)
    mem3mapbase                              0x1000f000   Data        3840  malloc.o(.ARM.__AT_0x1000F000)
    __stdout                                 0x20000004   Data           4  usart.o(.data)
    USART_RX_STA                             0x20000008   Data           2  usart.o(.data)
    POINT_COLOR                              0x2000000a   Data           2  tftlcd.o(.data)
    BACK_COLOR                               0x2000000c   Data           2  tftlcd.o(.data)
    W25QXX_TYPE                              0x2000000e   Data           2  w25qxx.o(.data)
    TransferError                            0x2000001a   Data           1  sdio_sdcard.o(.data)
    TransferEnd                              0x2000001b   Data           1  sdio_sdcard.o(.data)
    tempbuff                                 0x2000001c   Data           4  sdio_sdcard.o(.data)
    TIM5CH1_CAPTURE_STA                      0x20000020   Data           1  timer.o(.data)
    TIM5CH1_CAPTURE_VAL                      0x20000024   Data           4  timer.o(.data)
    tp_dev                                   0x2000002c   Data          52  touch.o(.data)
    CMD_RDX                                  0x20000060   Data           1  touch.o(.data)
    CMD_RDY                                  0x20000061   Data           1  touch.o(.data)
    g_ChessNum                               0x20000064   Data           4  game.o(.data)
    g_SameChessNum                           0x20000068   Data           4  game.o(.data)
    g_SpaceFlag                              0x2000006c   Data           4  game.o(.data)
    g_Mode                                   0x20000070   Data           1  game.o(.data)
    voice                                    0x20000071   Data           1  game.o(.data)
    flag1                                    0x20000072   Data           1  game.o(.data)
    timeCount                                0x20000074   Data           4  game.o(.data)
    nm                                       0x20000078   Data           4  game.o(.data)
    USART_RX_BUF                             0x20000098   Data         200  usart.o(.bss)
    lcddev                                   0x20000160   Data          14  tftlcd.o(.bss)
    ftinfo                                   0x2000016e   Data          33  fontupd.o(.bss)
    g_Chess                                  0x2000018f   Data         256  game.o(.bss)
    __libspace_start                         0x20000290   Data          96  libspace.o(.bss)
    __temporary_stack_top$libspace           0x200002f0   Data           0  libspace.o(.bss)
    mem2base                                 0x68000000   Data       983040  malloc.o(.ARM.__AT_0x68000000)
    mem2mapbase                              0x680f0000   Data       61440  malloc.o(.ARM.__AT_0x680F0000)



==============================================================================

Memory Map of the image

  Image Entry point : 0x08000189

  Load Region LR_IROM1 (Base: 0x08000000, Size: 0x0000d5f0, Max: 0x00100000, ABSOLUTE)

    Execution Region ER_IROM1 (Base: 0x08000000, Size: 0x0000d558, Max: 0x00100000, ABSOLUTE)

    Base Addr    Size         Type   Attr      Idx    E Section Name        Object

    0x08000000   0x00000188   Data   RO            3    RESET               startup_stm32f40_41xxx.o
    0x08000188   0x00000008   Code   RO         2601  * !!!main             c_w.l(__main.o)
    0x08000190   0x00000034   Code   RO         2838    !!!scatter          c_w.l(__scatter.o)
    0x080001c4   0x0000001a   Code   RO         2840    !!handler_copy      c_w.l(__scatter_copy.o)
    0x080001de   0x00000002   PAD
    0x080001e0   0x0000001c   Code   RO         2842    !!handler_zi        c_w.l(__scatter_zi.o)
    0x080001fc   0x00000000   Code   RO         2584    .ARM.Collect$$_printf_percent$$00000000  c_w.l(_printf_percent.o)
    0x080001fc   0x00000006   Code   RO         2583    .ARM.Collect$$_printf_percent$$00000009  c_w.l(_printf_d.o)
    0x08000202   0x00000006   Code   RO         2582    .ARM.Collect$$_printf_percent$$0000000C  c_w.l(_printf_x.o)
    0x08000208   0x00000006   Code   RO         2581    .ARM.Collect$$_printf_percent$$00000014  c_w.l(_printf_s.o)
    0x0800020e   0x00000004   Code   RO         2652    .ARM.Collect$$_printf_percent$$00000017  c_w.l(_printf_percent_end.o)
    0x08000212   0x00000002   Code   RO         2712    .ARM.Collect$$libinit$$00000000  c_w.l(libinit.o)
    0x08000214   0x00000004   Code   RO         2719    .ARM.Collect$$libinit$$00000001  c_w.l(libinit2.o)
    0x08000218   0x00000000   Code   RO         2722    .ARM.Collect$$libinit$$00000004  c_w.l(libinit2.o)
    0x08000218   0x00000000   Code   RO         2725    .ARM.Collect$$libinit$$0000000A  c_w.l(libinit2.o)
    0x08000218   0x00000000   Code   RO         2727    .ARM.Collect$$libinit$$0000000C  c_w.l(libinit2.o)
    0x08000218   0x00000000   Code   RO         2729    .ARM.Collect$$libinit$$0000000E  c_w.l(libinit2.o)
    0x08000218   0x00000000   Code   RO         2732    .ARM.Collect$$libinit$$00000011  c_w.l(libinit2.o)
    0x08000218   0x00000000   Code   RO         2734    .ARM.Collect$$libinit$$00000013  c_w.l(libinit2.o)
    0x08000218   0x00000000   Code   RO         2736    .ARM.Collect$$libinit$$00000015  c_w.l(libinit2.o)
    0x08000218   0x00000000   Code   RO         2738    .ARM.Collect$$libinit$$00000017  c_w.l(libinit2.o)
    0x08000218   0x00000000   Code   RO         2740    .ARM.Collect$$libinit$$00000019  c_w.l(libinit2.o)
    0x08000218   0x00000000   Code   RO         2742    .ARM.Collect$$libinit$$0000001B  c_w.l(libinit2.o)
    0x08000218   0x00000000   Code   RO         2744    .ARM.Collect$$libinit$$0000001D  c_w.l(libinit2.o)
    0x08000218   0x00000000   Code   RO         2746    .ARM.Collect$$libinit$$0000001F  c_w.l(libinit2.o)
    0x08000218   0x00000000   Code   RO         2748    .ARM.Collect$$libinit$$00000021  c_w.l(libinit2.o)
    0x08000218   0x00000000   Code   RO         2750    .ARM.Collect$$libinit$$00000023  c_w.l(libinit2.o)
    0x08000218   0x00000000   Code   RO         2752    .ARM.Collect$$libinit$$00000025  c_w.l(libinit2.o)
    0x08000218   0x00000000   Code   RO         2756    .ARM.Collect$$libinit$$0000002C  c_w.l(libinit2.o)
    0x08000218   0x00000000   Code   RO         2758    .ARM.Collect$$libinit$$0000002E  c_w.l(libinit2.o)
    0x08000218   0x00000000   Code   RO         2760    .ARM.Collect$$libinit$$00000030  c_w.l(libinit2.o)
    0x08000218   0x00000000   Code   RO         2762    .ARM.Collect$$libinit$$00000032  c_w.l(libinit2.o)
    0x08000218   0x00000002   Code   RO         2763    .ARM.Collect$$libinit$$00000033  c_w.l(libinit2.o)
    0x0800021a   0x00000002   Code   RO         2791    .ARM.Collect$$libshutdown$$00000000  c_w.l(libshutdown.o)
    0x0800021c   0x00000000   Code   RO         2806    .ARM.Collect$$libshutdown$$00000003  c_w.l(libshutdown2.o)
    0x0800021c   0x00000000   Code   RO         2809    .ARM.Collect$$libshutdown$$00000006  c_w.l(libshutdown2.o)
    0x0800021c   0x00000000   Code   RO         2812    .ARM.Collect$$libshutdown$$00000009  c_w.l(libshutdown2.o)
    0x0800021c   0x00000000   Code   RO         2814    .ARM.Collect$$libshutdown$$0000000B  c_w.l(libshutdown2.o)
    0x0800021c   0x00000000   Code   RO         2817    .ARM.Collect$$libshutdown$$0000000E  c_w.l(libshutdown2.o)
    0x0800021c   0x00000002   Code   RO         2818    .ARM.Collect$$libshutdown$$0000000F  c_w.l(libshutdown2.o)
    0x0800021e   0x00000000   Code   RO         2641    .ARM.Collect$$rtentry$$00000000  c_w.l(__rtentry.o)
    0x0800021e   0x00000000   Code   RO         2667    .ARM.Collect$$rtentry$$00000002  c_w.l(__rtentry2.o)
    0x0800021e   0x00000006   Code   RO         2679    .ARM.Collect$$rtentry$$00000004  c_w.l(__rtentry4.o)
    0x08000224   0x00000000   Code   RO         2669    .ARM.Collect$$rtentry$$00000009  c_w.l(__rtentry2.o)
    0x08000224   0x00000004   Code   RO         2670    .ARM.Collect$$rtentry$$0000000A  c_w.l(__rtentry2.o)
    0x08000228   0x00000000   Code   RO         2672    .ARM.Collect$$rtentry$$0000000C  c_w.l(__rtentry2.o)
    0x08000228   0x00000008   Code   RO         2673    .ARM.Collect$$rtentry$$0000000D  c_w.l(__rtentry2.o)
    0x08000230   0x00000002   Code   RO         2713    .ARM.Collect$$rtexit$$00000000  c_w.l(rtexit.o)
    0x08000232   0x00000000   Code   RO         2765    .ARM.Collect$$rtexit$$00000002  c_w.l(rtexit2.o)
    0x08000232   0x00000004   Code   RO         2766    .ARM.Collect$$rtexit$$00000003  c_w.l(rtexit2.o)
    0x08000236   0x00000006   Code   RO         2767    .ARM.Collect$$rtexit$$00000004  c_w.l(rtexit2.o)
    0x0800023c   0x00000044   Code   RO            4    .text               startup_stm32f40_41xxx.o
    0x08000280   0x00000002   Code   RO         2525    .text               c_w.l(use_no_semi_2.o)
    0x08000282   0x00000002   PAD
    0x08000284   0x00000018   Code   RO         2531    .text               c_w.l(noretval__2printf.o)
    0x0800029c   0x00000068   Code   RO         2533    .text               c_w.l(__printf.o)
    0x08000304   0x00000052   Code   RO         2535    .text               c_w.l(_printf_str.o)
    0x08000356   0x00000002   PAD
    0x08000358   0x00000078   Code   RO         2537    .text               c_w.l(_printf_dec.o)
    0x080003d0   0x00000058   Code   RO         2542    .text               c_w.l(_printf_hex_int.o)
    0x08000428   0x0000003e   Code   RO         2587    .text               c_w.l(strlen.o)
    0x08000466   0x00000044   Code   RO         2593    .text               c_w.l(rt_memclr.o)
    0x080004aa   0x0000004e   Code   RO         2595    .text               c_w.l(rt_memclr_w.o)
    0x080004f8   0x00000080   Code   RO         2597    .text               c_w.l(strcmpv7m.o)
    0x08000578   0x00000006   Code   RO         2599    .text               c_w.l(heapauxi.o)
    0x0800057e   0x00000002   Code   RO         2639    .text               c_w.l(use_no_semi.o)
    0x08000580   0x00000016   Code   RO         2644    .text               c_w.l(_rserrno.o)
    0x08000596   0x000000b2   Code   RO         2646    .text               c_w.l(_printf_intcommon.o)
    0x08000648   0x0000002c   Code   RO         2648    .text               c_w.l(_printf_char.o)
    0x08000674   0x00000024   Code   RO         2650    .text               c_w.l(_printf_char_file.o)
    0x08000698   0x00000008   Code   RO         2688    .text               c_w.l(rt_errno_addr_intlibspace.o)
    0x080006a0   0x00000030   Code   RO         2690    .text               c_w.l(_printf_char_common.o)
    0x080006d0   0x00000008   Code   RO         2692    .text               c_w.l(ferror.o)
    0x080006d8   0x00000008   Code   RO         2696    .text               c_w.l(libspace.o)
    0x080006e0   0x0000004a   Code   RO         2699    .text               c_w.l(sys_stackheap_outer.o)
    0x0800072a   0x0000000c   Code   RO         2705    .text               c_w.l(exit.o)
    0x08000736   0x00000008   Code   RO          999    i.AT24CXX_Init      24cxx.o
    0x0800073e   0x0000002c   Code   RO         1001    i.AT24CXX_ReadLenByte  24cxx.o
    0x0800076a   0x00000058   Code   RO         1002    i.AT24CXX_ReadOneByte  24cxx.o
    0x080007c2   0x0000002a   Code   RO         1004    i.AT24CXX_WriteLenByte  24cxx.o
    0x080007ec   0x00000050   Code   RO         1005    i.AT24CXX_WriteOneByte  24cxx.o
    0x0800083c   0x00000034   Code   RO         1561    i.BEEP_Init         beep.o
    0x08000870   0x00000024   Code   RO         1562    i.BEEP_Run          beep.o
    0x08000894   0x0000000a   Code   RO         1184    i.CT_Delay          ctiic.o
    0x0800089e   0x00000002   PAD
    0x080008a0   0x00000054   Code   RO         1185    i.CT_IIC_Ack        ctiic.o
    0x080008f4   0x00000050   Code   RO         1186    i.CT_IIC_Init       ctiic.o
    0x08000944   0x00000054   Code   RO         1187    i.CT_IIC_NAck       ctiic.o
    0x08000998   0x0000006c   Code   RO         1188    i.CT_IIC_Read_Byte  ctiic.o
    0x08000a04   0x00000064   Code   RO         1189    i.CT_IIC_Send_Byte  ctiic.o
    0x08000a68   0x0000004c   Code   RO         1190    i.CT_IIC_Start      ctiic.o
    0x08000ab4   0x00000048   Code   RO         1191    i.CT_IIC_Stop       ctiic.o
    0x08000afc   0x00000060   Code   RO         1192    i.CT_IIC_Wait_Ack   ctiic.o
    0x08000b5c   0x00000070   Code   RO         1535    i.CalExit_Init      exit.o
    0x08000bcc   0x00000060   Code   RO          726    i.CmdResp1Error     sdio_sdcard.o
    0x08000c2c   0x00000138   Code   RO         2421    i.DrawButton        game.o
    0x08000d64   0x000000b0   Code   RO         2422    i.DrawChess         game.o
    0x08000e14   0x000000b4   Code   RO         2423    i.DrawChessBoard    game.o
    0x08000ec8   0x00000030   Code   RO         1536    i.EXTI4_IRQHandler  exit.o
    0x08000ef8   0x000000b4   Code   RO          164    i.Ex_NVIC_Config    sys.o
    0x08000fac   0x000000ec   Code   RO         1255    i.FT5206_Init       ft5206.o
    0x08001098   0x00000058   Code   RO         1256    i.FT5206_RD_Reg     ft5206.o
    0x080010f0   0x0000019c   Code   RO         1257    i.FT5206_Scan       ft5206.o
    0x0800128c   0x00000052   Code   RO         1258    i.FT5206_WR_Reg     ft5206.o
    0x080012de   0x00000040   Code   RO          165    i.GPIO_AF_Set       sys.o
    0x0800131e   0x000000de   Code   RO          166    i.GPIO_Set          sys.o
    0x080013fc   0x00000130   Code   RO         1300    i.GT9147_Init       gt9147.o
    0x0800152c   0x00000062   Code   RO         1301    i.GT9147_RD_Reg     gt9147.o
    0x0800158e   0x00000002   PAD
    0x08001590   0x00000200   Code   RO         1302    i.GT9147_Scan       gt9147.o
    0x08001790   0x0000005c   Code   RO         1303    i.GT9147_Send_Cfg   gt9147.o
    0x080017ec   0x0000005c   Code   RO         1304    i.GT9147_WR_Reg     gt9147.o
    0x08001848   0x00000148   Code   RO         2424    i.GameInit          game.o
    0x08001990   0x000004cc   Code   RO         2425    i.GameStart         game.o
    0x08001e5c   0x00000064   Code   RO         2426    i.GetAIPoint        game.o
    0x08001ec0   0x000000dc   Code   RO         2427    i.GetChessNum       game.o
    0x08001f9c   0x00000140   Code   RO         2428    i.GetScore          game.o
    0x080020dc   0x000000e0   Code   RO         1651    i.Get_HzMat         text.o
    0x080021bc   0x00000050   Code   RO         1066    i.IIC_Ack           myiic.o
    0x0800220c   0x00000044   Code   RO         1067    i.IIC_Init          myiic.o
    0x08002250   0x00000050   Code   RO         1068    i.IIC_NAck          myiic.o
    0x080022a0   0x0000006c   Code   RO         1069    i.IIC_Read_Byte     myiic.o
    0x0800230c   0x00000068   Code   RO         1070    i.IIC_Send_Byte     myiic.o
    0x08002374   0x0000004c   Code   RO         1071    i.IIC_Start         myiic.o
    0x080023c0   0x0000004c   Code   RO         1072    i.IIC_Stop          myiic.o
    0x0800240c   0x00000060   Code   RO         1073    i.IIC_Wait_Ack      myiic.o
    0x0800246c   0x000000ec   Code   RO         2429    i.IsFiveChessContant  game.o
    0x08002558   0x00000028   Code   RO         2430    i.IsGameOver        game.o
    0x08002580   0x00000074   Code   RO          552    i.KEY_Init          key.o
    0x080025f4   0x0000006c   Code   RO          329    i.LCD_Clear         tftlcd.o
    0x08002660   0x000001c0   Code   RO          333    i.LCD_Display_Dir   tftlcd.o
    0x08002820   0x000000b0   Code   RO          334    i.LCD_DrawLine      tftlcd.o
    0x080028d0   0x00000024   Code   RO          335    i.LCD_DrawPoint     tftlcd.o
    0x080028f4   0x0000003c   Code   RO          336    i.LCD_DrawRectangle  tftlcd.o
    0x08002930   0x00000098   Code   RO          337    i.LCD_Draw_Circle   tftlcd.o
    0x080029c8   0x00000180   Code   RO          338    i.LCD_Fast_DrawPoint  tftlcd.o
    0x08002b48   0x000000b8   Code   RO          339    i.LCD_Fill          tftlcd.o
    0x08002c00   0x00003934   Code   RO          340    i.LCD_Init          tftlcd.o
    0x08006534   0x00000016   Code   RO          341    i.LCD_Pow           tftlcd.o
    0x0800654a   0x00000002   PAD
    0x0800654c   0x00000014   Code   RO          342    i.LCD_RD_DATA       tftlcd.o
    0x08006560   0x00000016   Code   RO          344    i.LCD_ReadReg       tftlcd.o
    0x08006576   0x00000002   PAD
    0x08006578   0x00000060   Code   RO          345    i.LCD_SSD_BackLightSet  tftlcd.o
    0x080065d8   0x000002ec   Code   RO          346    i.LCD_Scan_Dir      tftlcd.o
    0x080068c4   0x000001a8   Code   RO          347    i.LCD_SetCursor     tftlcd.o
    0x08006a6c   0x00000128   Code   RO          349    i.LCD_ShowChar      tftlcd.o
    0x08006b94   0x00000094   Code   RO          350    i.LCD_ShowNum       tftlcd.o
    0x08006c28   0x00000066   Code   RO          351    i.LCD_ShowString    tftlcd.o
    0x08006c8e   0x000000be   Code   RO          352    i.LCD_ShowxNum      tftlcd.o
    0x08006d4c   0x00000018   Code   RO          353    i.LCD_WR_DATA       tftlcd.o
    0x08006d64   0x00000018   Code   RO          354    i.LCD_WR_REG        tftlcd.o
    0x08006d7c   0x00000014   Code   RO          356    i.LCD_WriteRAM_Prepare  tftlcd.o
    0x08006d90   0x00000014   Code   RO          357    i.LCD_WriteReg      tftlcd.o
    0x08006da4   0x00000054   Code   RO          308    i.LED_Init          led.o
    0x08006df8   0x00000300   Code   RO          358    i.LcdDrawCircleA    tftlcd.o
    0x080070f8   0x00000078   Code   RO          169    i.MY_NVIC_Init      sys.o
    0x08007170   0x00000028   Code   RO          170    i.MY_NVIC_PriorityGroupConfig  sys.o
    0x08007198   0x00000010   Code   RO          171    i.MY_NVIC_SetVectorTable  sys.o
    0x080071a8   0x000000b0   Code   RO         1348    i.OTT2001A_Init     ott2001a.o
    0x08007258   0x00000062   Code   RO         1349    i.OTT2001A_RD_Reg   ott2001a.o
    0x080072ba   0x00000002   PAD
    0x080072bc   0x00000204   Code   RO         1350    i.OTT2001A_Scan     ott2001a.o
    0x080074c0   0x0000001c   Code   RO         1351    i.OTT2001A_SensorControl  ott2001a.o
    0x080074dc   0x0000005c   Code   RO         1352    i.OTT2001A_WR_Reg   ott2001a.o
    0x08007538   0x0000001c   Code   RO         1503    i.RNG_Get_RandomNum  rng.o
    0x08007554   0x00000018   Code   RO         1504    i.RNG_Get_RandomRange  rng.o
    0x0800756c   0x00000050   Code   RO         1505    i.RNG_Init          rng.o
    0x080075bc   0x00000020   Code   RO         2431    i.ResStart          game.o
    0x080075dc   0x00000008   Code   RO          735    i.SDIO_IRQHandler   sdio_sdcard.o
    0x080075e4   0x0000002c   Code   RO          736    i.SDIO_Send_Cmd     sdio_sdcard.o
    0x08007610   0x0000016c   Code   RO          746    i.SD_ProcessIRQSrc  sdio_sdcard.o
    0x0800777c   0x000000b8   Code   RO          579    i.SPI1_Init         spi.o
    0x08007834   0x00000030   Code   RO          580    i.SPI1_ReadWriteByte  spi.o
    0x08007864   0x0000002c   Code   RO          581    i.SPI1_SetSpeed     spi.o
    0x08007890   0x00000084   Code   RO         2432    i.Search            game.o
    0x08007914   0x000001a8   Code   RO         2433    i.SearchValue       game.o
    0x08007abc   0x000000c8   Code   RO         1652    i.Show_Font         text.o
    0x08007b84   0x000000c2   Code   RO         1653    i.Show_Str          text.o
    0x08007c46   0x00000002   PAD
    0x08007c48   0x00000068   Code   RO          172    i.Stm32_Clock_Init  sys.o
    0x08007cb0   0x0000010c   Code   RO          173    i.Sys_Clock_Set     sys.o
    0x08007dbc   0x0000002c   Code   RO          946    i.TIM3_IRQHandler   timer.o
    0x08007de8   0x00000050   Code   RO          947    i.TIM3_Int_Init     timer.o
    0x08007e38   0x000000e4   Code   RO          949    i.TIM5_IRQHandler   timer.o
    0x08007f1c   0x000001a8   Code   RO         1396    i.TP_Adj_Info_Show  touch.o
    0x080080c4   0x00000900   Code   RO         1397    i.TP_Adjust         touch.o
    0x080089c4   0x00000070   Code   RO         1399    i.TP_Drow_Touch_Point  touch.o
    0x08008a34   0x000000b0   Code   RO         1400    i.TP_Get_Adjdata    touch.o
    0x08008ae4   0x00000154   Code   RO         1401    i.TP_Init           touch.o
    0x08008c38   0x00000098   Code   RO         1402    i.TP_Read_AD        touch.o
    0x08008cd0   0x00000078   Code   RO         1403    i.TP_Read_XOY       touch.o
    0x08008d48   0x00000030   Code   RO         1404    i.TP_Read_XY        touch.o
    0x08008d78   0x000000c0   Code   RO         1405    i.TP_Read_XY2       touch.o
    0x08008e38   0x00000080   Code   RO         1406    i.TP_Save_Adjdata   touch.o
    0x08008eb8   0x000000fc   Code   RO         1407    i.TP_Scan           touch.o
    0x08008fb4   0x0000004c   Code   RO         1408    i.TP_Write_Byte     touch.o
    0x08009000   0x00000134   Code   RO         2434    i.UIStart           game.o
    0x08009134   0x00000080   Code   RO          259    i.USART1_IRQHandler  usart.o
    0x080091b4   0x00000080   Code   RO          616    i.W25QXX_Init       w25qxx.o
    0x08009234   0x00000050   Code   RO          618    i.W25QXX_Read       w25qxx.o
    0x08009284   0x00000048   Code   RO          619    i.W25QXX_ReadID     w25qxx.o
    0x080092cc   0x0000007a   Code   RO         2627    i.__hardfp_sqrt     m_wm.l(sqrt.o)
    0x08009346   0x00000006   Code   RO          260    i._sys_exit         usart.o
    0x0800934c   0x00000040   Code   RO          123    i.delay_init        delay.o
    0x0800938c   0x00000038   Code   RO          124    i.delay_ms          delay.o
    0x080093c4   0x0000003c   Code   RO          125    i.delay_us          delay.o
    0x08009400   0x0000003c   Code   RO          126    i.delay_xms         delay.o
    0x0800943c   0x00000044   Code   RO         1587    i.font_init         fontupd.o
    0x08009480   0x0000001c   Code   RO          261    i.fputc             usart.o
    0x0800949c   0x00000240   Code   RO         2435    i.g_Set             game.o
    0x080096dc   0x00000068   Code   RO           12    i.main              test.o
    0x08009744   0x00000100   Code   RO          262    i.uart_init         usart.o
    0x08009844   0x00000150   Code   RO         2603    x$fpl$dadd          fz_wm.l(daddsub_clz.o)
    0x08009994   0x00000018   Code   RO         2655    x$fpl$dcmpinf       fz_wm.l(dcmpi.o)
    0x080099ac   0x0000005a   Code   RO         2609    x$fpl$dfixu         fz_wm.l(dfixu.o)
    0x08009a06   0x0000002e   Code   RO         2614    x$fpl$dflt          fz_wm.l(dflt_clz.o)
    0x08009a34   0x00000026   Code   RO         2613    x$fpl$dfltu         fz_wm.l(dflt_clz.o)
    0x08009a5a   0x00000002   PAD
    0x08009a5c   0x00000078   Code   RO         2619    x$fpl$dleqf         fz_wm.l(dleqf.o)
    0x08009ad4   0x00000154   Code   RO         2621    x$fpl$dmul          fz_wm.l(dmul.o)
    0x08009c28   0x0000009c   Code   RO         2657    x$fpl$dnaninf       fz_wm.l(dnaninf.o)
    0x08009cc4   0x0000000c   Code   RO         2659    x$fpl$dretinf       fz_wm.l(dretinf.o)
    0x08009cd0   0x0000006c   Code   RO         2623    x$fpl$drleqf        fz_wm.l(drleqf.o)
    0x08009d3c   0x00000016   Code   RO         2604    x$fpl$drsb          fz_wm.l(daddsub_clz.o)
    0x08009d52   0x00000002   PAD
    0x08009d54   0x00000198   Code   RO         2661    x$fpl$dsqrt         fz_wm.l(dsqrt_umaal.o)
    0x08009eec   0x000001d4   Code   RO         2605    x$fpl$dsub          fz_wm.l(daddsub_clz.o)
    0x0800a0c0   0x00000056   Code   RO         2625    x$fpl$f2d           fz_wm.l(f2d.o)
    0x0800a116   0x0000008c   Code   RO         2663    x$fpl$fnaninf       fz_wm.l(fnaninf.o)
    0x0800a1a2   0x0000000a   Code   RO         2779    x$fpl$fpinit        fz_wm.l(fpinit.o)
    0x0800a1ac   0x00000000   Code   RO         2665    x$fpl$usenofp       fz_wm.l(usenofp.o)
    0x0800a1ac   0x0000320c   Data   RO          361    .constdata          tftlcd.o
    0x0800d3b8   0x0000000a   Data   RO         1259    .constdata          ft5206.o
    0x0800d3c2   0x000000c2   Data   RO         1305    .constdata          gt9147.o
    0x0800d484   0x0000000a   Data   RO         1353    .constdata          ott2001a.o
    0x0800d48e   0x00000002   PAD
    0x0800d490   0x00000004   Data   RO         1409    .constdata          touch.o
    0x0800d494   0x00000028   Data   RO         2543    .constdata          c_w.l(_printf_hex_int.o)
    0x0800d4bc   0x00000079   Data   RO         1410    .conststring        touch.o
    0x0800d535   0x00000003   PAD
    0x0800d538   0x00000020   Data   RO         2836    Region$$Table       anon$$obj.o


    Execution Region RW_IRAM1 (Base: 0x20000000, Size: 0x000006f0, Max: 0x00020000, ABSOLUTE)

    Base Addr    Size         Type   Attr      Idx    E Section Name        Object

    0x20000000   0x00000004   Data   RW          127    .data               delay.o
    0x20000004   0x00000006   Data   RW          264    .data               usart.o
    0x2000000a   0x00000004   Data   RW          362    .data               tftlcd.o
    0x2000000e   0x00000002   Data   RW          630    .data               w25qxx.o
    0x20000010   0x00000010   Data   RW          758    .data               sdio_sdcard.o
    0x20000020   0x00000008   Data   RW          951    .data               timer.o
    0x20000028   0x00000001   Data   RW         1260    .data               ft5206.o
    0x20000029   0x00000001   Data   RW         1306    .data               gt9147.o
    0x2000002a   0x00000001   Data   RW         1354    .data               ott2001a.o
    0x2000002b   0x00000001   PAD
    0x2000002c   0x00000036   Data   RW         1411    .data               touch.o
    0x20000062   0x00000002   PAD
    0x20000064   0x00000034   Data   RW         2437    .data               game.o
    0x20000098   0x000000c8   Zero   RW          263    .bss                usart.o
    0x20000160   0x0000000e   Zero   RW          360    .bss                tftlcd.o
    0x2000016e   0x00000021   Zero   RW         1591    .bss                fontupd.o
    0x2000018f   0x00000100   Zero   RW         2436    .bss                game.o
    0x2000028f   0x00000001   PAD
    0x20000290   0x00000060   Zero   RW         2697    .bss                c_w.l(libspace.o)
    0x200002f0   0x00000000   Zero   RW            2    HEAP                startup_stm32f40_41xxx.o
    0x200002f0   0x00000400   Zero   RW            1    STACK               startup_stm32f40_41xxx.o



  Load Region LR$$.ARM.__AT_0x10000000 (Base: 0x10000000, Size: 0x00000000, Max: 0x0000f000, ABSOLUTE)

    Execution Region ER$$.ARM.__AT_0x10000000 (Base: 0x10000000, Size: 0x0000f000, Max: 0x0000f000, ABSOLUTE, UNINIT)

    Base Addr    Size         Type   Attr      Idx    E Section Name        Object

    0x10000000   0x0000f000   Zero   RW         1698    .ARM.__AT_0x10000000  malloc.o



  Load Region LR$$.ARM.__AT_0x1000F000 (Base: 0x1000f000, Size: 0x00000000, Max: 0x00000f00, ABSOLUTE)

    Execution Region ER$$.ARM.__AT_0x1000F000 (Base: 0x1000f000, Size: 0x00000f00, Max: 0x00000f00, ABSOLUTE, UNINIT)

    Base Addr    Size         Type   Attr      Idx    E Section Name        Object

    0x1000f000   0x00000f00   Zero   RW         1699    .ARM.__AT_0x1000F000  malloc.o



  Load Region LR$$.ARM.__AT_0x68000000 (Base: 0x68000000, Size: 0x00000000, Max: 0x000f0000, ABSOLUTE)

    Execution Region ER$$.ARM.__AT_0x68000000 (Base: 0x68000000, Size: 0x000f0000, Max: 0x000f0000, ABSOLUTE, UNINIT)

    Base Addr    Size         Type   Attr      Idx    E Section Name        Object

    0x68000000   0x000f0000   Zero   RW         1700    .ARM.__AT_0x68000000  malloc.o



  Load Region LR$$.ARM.__AT_0x680F0000 (Base: 0x680f0000, Size: 0x00000000, Max: 0x0000f000, ABSOLUTE)

    Execution Region ER$$.ARM.__AT_0x680F0000 (Base: 0x680f0000, Size: 0x0000f000, Max: 0x0000f000, ABSOLUTE, UNINIT)

    Base Addr    Size         Type   Attr      Idx    E Section Name        Object

    0x680f0000   0x0000f000   Zero   RW         1701    .ARM.__AT_0x680F0000  malloc.o


==============================================================================

Image component sizes


      Code (inc. data)   RO Data    RW Data    ZI Data      Debug   Object Name

       262          0          0          0          0       3089   24cxx.o
        88         22          0          0          0       1007   beep.o
       710        134          0          0          0       4985   ctiic.o
       240         16          0          4          0       2415   delay.o
       160         32          0          0          0       1026   exit.o
        68          4          0          0         33       5025   fontupd.o
       818         46         10          1          0       3545   ft5206.o
      4612        414          0         52        256      13347   game.o
      1098         86        194          1          0       4454   gt9147.o
       116         24          0          0          0        495   key.o
        84         16          0          0          0        483   led.o
         0          0          0          0    1109760       1746   malloc.o
       688        114          0          0          0       4462   myiic.o
       910         72         10          1          0       4135   ott2001a.o
       132         16          0          0          0       1693   rng.o
       512         26          0         16          0      11878   sdio_sdcard.o
       276         24          0          0          0       1653   spi.o
        68         24        392          0       1024        864   startup_stm32f40_41xxx.o
      1014         56          0          0          0       5623   sys.o
       104          4          0          0          0     232555   test.o
       618         14          0          0          0       3539   text.o
     19116        224      12812          4         14      28169   tftlcd.o
       352         32          0          8          0       1986   timer.o
      4324        278        125         54          0      10677   touch.o
       418         34          0          6        200       4248   usart.o
       280         36          0          2          0       2424   w25qxx.o

    ----------------------------------------------------------------------
     37080       1748      13580        152    1111288     355523   Object Totals
         0          0         32          0          0          0   (incl. Generated)
        12          0          5          3          1          0   (incl. Padding)

    ----------------------------------------------------------------------

      Code (inc. data)   RO Data    RW Data    ZI Data      Debug   Library Member Name

         8          0          0          0          0         68   __main.o
       104          0          0          0          0         84   __printf.o
         0          0          0          0          0          0   __rtentry.o
        12          0          0          0          0          0   __rtentry2.o
         6          0          0          0          0          0   __rtentry4.o
        52          8          0          0          0          0   __scatter.o
        26          0          0          0          0          0   __scatter_copy.o
        28          0          0          0          0          0   __scatter_zi.o
        44          0          0          0          0        108   _printf_char.o
        48          6          0          0          0         96   _printf_char_common.o
        36          4          0          0          0         80   _printf_char_file.o
         6          0          0          0          0          0   _printf_d.o
       120         16          0          0          0         92   _printf_dec.o
        88          4         40          0          0         88   _printf_hex_int.o
       178          0          0          0          0         88   _printf_intcommon.o
         0          0          0          0          0          0   _printf_percent.o
         4          0          0          0          0          0   _printf_percent_end.o
         6          0          0          0          0          0   _printf_s.o
        82          0          0          0          0         80   _printf_str.o
         6          0          0          0          0          0   _printf_x.o
        22          0          0          0          0        100   _rserrno.o
        12          0          0          0          0         72   exit.o
         8          0          0          0          0         68   ferror.o
         6          0          0          0          0        152   heapauxi.o
         2          0          0          0          0          0   libinit.o
         6          0          0          0          0          0   libinit2.o
         2          0          0          0          0          0   libshutdown.o
         2          0          0          0          0          0   libshutdown2.o
         8          4          0          0         96         68   libspace.o
        24          4          0          0          0         84   noretval__2printf.o
         8          4          0          0          0         68   rt_errno_addr_intlibspace.o
        68          0          0          0          0         68   rt_memclr.o
        78          0          0          0          0         80   rt_memclr_w.o
         2          0          0          0          0          0   rtexit.o
        10          0          0          0          0          0   rtexit2.o
       128          0          0          0          0         68   strcmpv7m.o
        62          0          0          0          0         76   strlen.o
        74          0          0          0          0         80   sys_stackheap_outer.o
         2          0          0          0          0         68   use_no_semi.o
         2          0          0          0          0         68   use_no_semi_2.o
       826         16          0          0          0        492   daddsub_clz.o
        24          0          0          0          0        116   dcmpi.o
        90          4          0          0          0        140   dfixu.o
        84          0          0          0          0        232   dflt_clz.o
       120          4          0          0          0        140   dleqf.o
       340         12          0          0          0        152   dmul.o
       156          4          0          0          0        140   dnaninf.o
        12          0          0          0          0        116   dretinf.o
       108          0          0          0          0        128   drleqf.o
       408         56          0          0          0        168   dsqrt_umaal.o
        86          4          0          0          0        132   f2d.o
       140          4          0          0          0        132   fnaninf.o
        10          0          0          0          0        116   fpinit.o
         0          0          0          0          0          0   usenofp.o
       122          0          0          0          0        148   sqrt.o

    ----------------------------------------------------------------------
      3916        154         40          0         96       4256   Library Totals
        10          0          0          0          0          0   (incl. Padding)

    ----------------------------------------------------------------------

      Code (inc. data)   RO Data    RW Data    ZI Data      Debug   Library Name

      1380         50         40          0         96       1904   c_w.l
      2404        104          0          0          0       2204   fz_wm.l
       122          0          0          0          0        148   m_wm.l

    ----------------------------------------------------------------------
      3916        154         40          0         96       4256   Library Totals

    ----------------------------------------------------------------------

==============================================================================


      Code (inc. data)   RO Data    RW Data    ZI Data      Debug   

     40996       1902      13620        152    1111384     344891   Grand Totals
     40996       1902      13620        152    1111384     344891   ELF Image Totals
     40996       1902      13620        152          0          0   ROM Totals

==============================================================================

    Total RO  Size (Code + RO Data)                54616 (  53.34kB)
    Total RW  Size (RW Data + ZI Data)           1111536 (1085.48kB)
    Total ROM Size (Code + RO Data + RW Data)      54768 (  53.48kB)

==============================================================================

