<html>
<body>
<pre>
<h1>礦ision Build Log</h1>
<h2>Tool Versions:</h2>
IDE-Version: μVision V5.14.0.0
Copyright (C) 2015 ARM Ltd and ARM Germany GmbH. All rights reserved.
License Information: y Y, y, LIC=03C6R-K9XNU-30KNC-7SSP0-H3ETY-PYMV2
 
Tool Versions:
Toolchain:       MDK-ARM Standard  Version: 5.14.0.0
Toolchain Path:  E:\MDK5\ARM\ARMCC\Bin
C Compiler:      Armcc.exe V5.05 update 1 (build 106)
Assembler:       Armasm.exe V5.05 update 1 (build 106)
Linker/Locator:  ArmLink.exe V5.05 update 1 (build 106)
Library Manager: ArmAr.exe V5.05 update 1 (build 106)
Hex Converter:   FromElf.exe V5.05 update 1 (build 106)
CPU DLL:         SARMCM3.DLL V5.14.0.0
Dialog DLL:      DCM.DLL V1.13.1.0
Target DLL:      STLink\ST-LINKIII-KEIL_SWO.dll V2.0.14.0_KEIL
Dialog DLL:      TCM.DLL V1.14.4.0
 
<h2>Project:</h2>
D:\Desktop\嵌入式课设参考\wiziqi-main\USER\test.uvprojx
Project File Date:  06/25/2023

<h2>Output:</h2>
Rebuild target 'Target 1'
assembling startup_stm32f40_41xxx.s...
compiling test.c...
test.c(20): warning:  #177-D: variable "nm" was declared but never referenced
        int nm;
test.c(21): warning:  #177-D: variable "flag1" was declared but never referenced
    static u8 flag1=0;
test.c(23): warning:  #177-D: variable "timeCount" was declared but never referenced
        u32 timeCount=30;
test.c(24): warning:  #177-D: variable "voice" was declared but never referenced
        static u8 voice=0;
test.c: 4 warnings, 0 errors
compiling delay.c...
compiling sys.c...
compiling usart.c...
compiling led.c...
compiling tftlcd.c...
compiling key.c...
..\HARDWARE\KEY\key.c(56): warning:  #1-D: last line of file ends without a newline
  }
..\HARDWARE\KEY\key.c: 1 warning, 0 errors
compiling spi.c...
compiling w25qxx.c...
compiling sdio_sdcard.c...
compiling timer.c...
compiling 24cxx.c...
compiling myiic.c...
compiling tpad.c...
compiling ctiic.c...
compiling ft5206.c...
compiling gt9147.c...
compiling ott2001a.c...
compiling touch.c...
compiling rng.c...
compiling exit.c...
compiling beep.c...
compiling fontupd.c...
compiling text.c...
compiling malloc.c...
compiling exfuns.c...
compiling fattester.c...
compiling diskio.c...
compiling ff.c...
compiling cc936.c...
compiling game.c...
..\APP\game.c(974): warning:  #1-D: last line of file ends without a newline
  }
..\APP\game.c(110): warning:  #177-D: function "ClearChess" was declared but never referenced
  static void ClearChess(int x, int y)
..\APP\game.c: 2 warnings, 0 errors
linking...
Program Size: Code=40996 RO-data=13620 RW-data=152 ZI-data=1111384  
FromELF: creating hex file...
"..\OBJ\test.axf" - 0 Error(s), 7 Warning(s).

<h2>Collection of Component include folders:</h2>
  D:\Desktop\嵌入式课设参考\wiziqi-main\USER\RTE
  E:\MDK5\ARM\PACK\Keil\STM32F4xx_DFP\1.0.8\Device\Include

<h2>Collection of Component Files used:</h2>
</pre>
</body>
</html>
